dhcp.c:262:6:default_ip_assign	8	static
dhcp.c:270:6:default_ip_update	8	static
dhcp.c:280:6:default_ip_conflict	8	static
dhcp.c:289:6:reg_dhcp_cbfunc	24	static
dhcp.c:300:6:makeDHCPMSG	24	static
dhcp.c:359:6:send_DHCP_DISCOVER	32	static
dhcp.c:434:6:send_DHCP_REQUEST	40	static
dhcp.c:535:6:send_DHCP_DECLINE	32	static
dhcp.c:595:8:parseDHCPMSG	56	static
dhcp.c:743:9:DHCP_run	16	static
dhcp.c:873:9:DHCP_stop	8	static
dhcp.c:879:9:check_DHCP_timeout	16	static
dhcp.c:932:8:check_DHCP_leasedIP	24	static
dhcp.c:967:6:DHCP_init	24	static
dhcp.c:1002:6:reset_DHCP_timeout	4	static
dhcp.c:1009:6:DHCP_time_handler	4	static
dhcp.c:1014:6:getIPfromDHCP	16	static
dhcp.c:1022:6:getGWfromDHCP	16	static
dhcp.c:1030:6:getZABBIXfromDHCP	16	static
dhcp.c:1038:6:getHostNamefromDHCP	24	static
dhcp.c:1051:6:getSNfromDHCP	16	static
dhcp.c:1059:6:getDNSfromDHCP	16	static
dhcp.c:1067:6:getTimeSrvfromDHCP	16	static
dhcp.c:1075:10:getDHCPLeasetime	4	static
dhcp.c:1080:6:NibbleToHex	16	static
