main.c:352:6:DFRobot_SCD4X_begin	16	static
main.c:367:6:setSleepMode	16	static
main.c:374:10:performSelfTest	16	static
main.c:392:6:moduleReinit	8	static
main.c:399:6:performFactoryReset	8	static
main.c:408:6:measureSingleShot	16	static
main.c:419:6:enablePeriodMeasure	16	static
main.c:427:6:readMeasurement	32	static
main.c:445:6:getDataReadyStatus	16	static
main.c:457:6:setTempComp	24	static
main.c:467:7:getTempComp	16	static
main.c:477:6:setSensorAltitude	24	static
main.c:486:10:getSensorAltitude	16	static
main.c:493:6:setAmbientPressure	24	static
main.c:503:9:performForcedRecalibration	24	static
main.c:525:6:setAutoCalibMode	24	static
main.c:538:6:getAutoCalibMode	16	static
main.c:548:6:persistSettings	8	static
main.c:557:6:getSerialNumber	32	static
main.c:575:9:calcCRC	24	static
main.c:595:11:DFRobot_SCD4X_pack	32	static
main.c:608:6:SCDwriteData	40	static
main.c:619:8:SCDreadData	40	static
main.c:642:5:main	16	static
main.c:826:6:SystemClock_Config	88	static
main.c:873:13:MX_ADC1_Init	24	static
main.c:918:13:MX_I2C1_Init	8	static
main.c:952:13:MX_I2C2_Init	8	static
main.c:986:13:MX_IWDG_Init	8	static
main.c:1014:13:MX_RTC_Init	8	static
main.c:1044:13:MX_SPI2_Init	8	static
main.c:1082:13:MX_TIM1_Init	96	static
main.c:1156:13:MX_TIM4_Init	32	static
main.c:1205:13:MX_USART1_UART_Init	8	static
main.c:1238:13:MX_USART2_UART_Init	8	static
main.c:1269:13:MX_DMA_Init	16	static
main.c:1287:13:MX_GPIO_Init	32	static
main.c:1335:6:HAL_GPIO_EXTI_Callback	24	static
main.c:1358:6:Error_Handler	4	static,ignoring_inline_asm
