main.c:150:6:Callback_IPAssigned	0	static
main.c:157:6:Callback_IPConflict	0	static
main.c:122:6:W5500_Select	0	static
main.c:126:6:W5500_Unselect	0	static
main.c:130:6:W5500_ReadBuff	0	static
main.c:138:9:W5500_ReadByte	16	static
main.c:134:6:W5500_WriteBuff	0	static
main.c:144:6:W5500_WriteByte	16	static
main.c:529:6:SCDwriteData.constprop	24	static
main.c:184:9:sendToZabbix	280	static
main.c:279:6:init_w5500	24	static
main.c:365:6:setSleepMode	8	static
main.c:371:10:performSelfTest	8	static
main.c:378:6:moduleReinit	8	static
main.c:383:6:performFactoryReset	8	static
main.c:390:6:measureSingleShot	8	static
main.c:399:6:enablePeriodMeasure	8	static
main.c:479:6:persistSettings	8	static
main.c:529:6:SCDwriteData	24	static
main.c:533:8:SCDreadData	40	static
main.c:405:6:getDataReadyStatus	16	static
main.c:484:6:getSerialNumber	24	static
main.c:539:6:readMeasurement	24	static
main.c:770:6:SystemClock_Config	96	static,ignoring_inline_asm
main.c:553:5:main	128	static,ignoring_inline_asm
main.c:1279:6:HAL_GPIO_EXTI_Callback	24	static
main.c:1302:6:Error_Handler	0	static,ignoring_inline_asm
