main.c:156:6:Callback_IPAssigned	0	static
main.c:163:6:Callback_IPConflict	0	static
main.c:128:6:W5500_Select	0	static
main.c:132:6:W5500_Unselect	0	static
main.c:136:6:W5500_ReadBuff	0	static
main.c:144:9:W5500_ReadByte	16	static
main.c:140:6:W5500_WriteBuff	0	static
main.c:150:6:W5500_WriteByte	16	static
main.c:971:13:MX_I2C1_Init	8	static,ignoring_inline_asm
main.c:528:6:SCDwriteData.constprop	24	static
main.c:190:9:sendToZabbix	280	static
main.c:285:6:init_w5500	24	static
main.c:362:6:setSleepMode	8	static
main.c:368:10:performSelfTest	8	static
main.c:375:6:moduleReinit	8	static
main.c:380:6:performFactoryReset	8	static
main.c:389:6:measureSingleShot	8	static
main.c:398:6:enablePeriodMeasure	8	static
main.c:478:6:persistSettings	8	static
main.c:528:6:SCDwriteData	24	static
main.c:532:8:SCDreadData	40	static
main.c:404:6:getDataReadyStatus	16	static
main.c:483:6:getSerialNumber	24	static
main.c:538:6:readMeasurement	24	static
main.c:876:6:SystemClock_Config	96	static,ignoring_inline_asm
main.c:552:5:main	128	static,ignoring_inline_asm
main.c:1334:6:HAL_GPIO_EXTI_Callback	24	static
main.c:1358:6:Error_Handler	0	static,ignoring_inline_asm
