main.c:150:6:Callback_IPAssigned	0	static
main.c:157:6:Callback_IPConflict	0	static
main.c:122:6:W5500_Select	0	static
main.c:126:6:W5500_Unselect	0	static
main.c:130:6:W5500_ReadBuff	0	static
main.c:138:9:W5500_ReadByte	16	static
main.c:134:6:W5500_WriteBuff	0	static
main.c:144:6:W5500_WriteByte	16	static
main.c:581:6:SCDwriteData.constprop	24	static
main.c:184:9:sendToZabbix	280	static
main.c:279:6:init_w5500	24	static
main.c:369:6:setSleepMode	8	static
main.c:376:10:performSelfTest	8	static
main.c:394:6:moduleReinit	8	static
main.c:401:6:performFactoryReset	8	static
main.c:410:6:measureSingleShot	8	static
main.c:421:6:enablePeriodMeasure	8	static
main.c:441:6:setTempComp	8	static
main.c:461:6:setSensorAltitude	8	static
main.c:477:6:setAmbientPressure	8	static
main.c:487:9:performForcedRecalibration	8	static
main.c:501:6:setAutoCalibMode	8	static
main.c:524:6:persistSettings	8	static
main.c:548:9:calcCRC	0	static
main.c:568:11:DFRobot_SCD4X_pack	8	static
main.c:581:6:SCDwriteData	24	static
main.c:589:8:SCDreadData	40	static
main.c:429:6:getDataReadyStatus	16	static
main.c:451:7:getTempComp	16	static
main.c:470:10:getSensorAltitude	16	static
main.c:514:6:getAutoCalibMode	16	static
main.c:533:6:getSerialNumber	24	static
main.c:354:6:DFRobot_SCD4X_begin	16	static
main.c:597:6:readMeasurement	24	static
main.c:830:6:SystemClock_Config	96	static,ignoring_inline_asm
main.c:613:5:main	128	static,ignoring_inline_asm
main.c:1339:6:HAL_GPIO_EXTI_Callback	24	static
main.c:1362:6:Error_Handler	0	static,ignoring_inline_asm
