main.c:151:6:Callback_IPAssigned	0	static
main.c:158:6:Callback_IPConflict	0	static
main.c:123:6:W5500_Select	0	static
main.c:127:6:W5500_Unselect	0	static
main.c:131:6:W5500_ReadBuff	0	static
main.c:139:9:W5500_ReadByte	16	static
main.c:135:6:W5500_WriteBuff	0	static
main.c:145:6:W5500_WriteByte	16	static
main.c:891:13:MX_I2C1_Init	8	static,ignoring_inline_asm
main.c:530:6:SCDwriteData.constprop	24	static
main.c:185:9:sendToZabbix	280	static
main.c:280:6:init_w5500	24	static
main.c:366:6:setSleepMode	8	static
main.c:372:10:performSelfTest	8	static
main.c:379:6:moduleReinit	8	static
main.c:384:6:performFactoryReset	8	static
main.c:391:6:measureSingleShot	8	static
main.c:400:6:enablePeriodMeasure	8	static
main.c:480:6:persistSettings	8	static
main.c:530:6:SCDwriteData	24	static
main.c:534:8:SCDreadData	40	static
main.c:406:6:getDataReadyStatus	16	static
main.c:485:6:getSerialNumber	24	static
main.c:540:6:readMeasurement	24	static
main.c:799:6:SystemClock_Config	96	static,ignoring_inline_asm
main.c:554:5:main	112	static,ignoring_inline_asm
main.c:1308:6:HAL_GPIO_EXTI_Callback	24	static
main.c:1332:6:Error_Handler	0	static,ignoring_inline_asm
