main.c:204:6:Callback_IPAssigned	0	static
main.c:211:6:Callback_IPConflict	0	static
main.c:176:6:W5500_Select	0	static
main.c:180:6:W5500_Unselect	0	static
main.c:184:6:W5500_ReadBuff	0	static
main.c:192:9:W5500_ReadByte	16	static
main.c:188:6:W5500_WriteBuff	0	static
main.c:198:6:W5500_WriteByte	16	static
main.c:547:13:MX_I2C1_Init	8	static,ignoring_inline_asm
main.c:238:9:sendToZabbix	280	static
main.c:333:6:init_w5500	24	static
main.c:507:6:SystemClock_Config	72	static,ignoring_inline_asm
main.c:413:5:main	40	static,ignoring_inline_asm
main.c:793:6:Error_Handler	0	static,ignoring_inline_asm
