stm32f1xx_hal_msp.c:65:6:HAL_MspInit	8	static
stm32f1xx_hal_msp.c:91:6:HAL_ADC_MspInit	40	static
stm32f1xx_hal_msp.c:140:6:HAL_ADC_MspDeInit	8	static
stm32f1xx_hal_msp.c:170:6:HAL_I2C_MspInit	40	static
stm32f1xx_hal_msp.c:228:6:HAL_I2C_MspDeInit	8	static
stm32f1xx_hal_msp.c:279:6:HAL_SPI_MspInit	32	static
stm32f1xx_hal_msp.c:319:6:HAL_SPI_MspDeInit	0	static
stm32f1xx_hal_msp.c:349:6:HAL_TIM_Base_MspInit	16	static
stm32f1xx_hal_msp.c:374:6:HAL_TIM_Base_MspDeInit	0	static
stm32f1xx_hal_msp.c:399:6:HAL_UART_MspInit	40	static
stm32f1xx_hal_msp.c:467:6:HAL_UART_MspDeInit	0	static
