stm32f1xx_hal_i2c.c:7584:26:I2C_IsAcknowledgeFailed	0	static
stm32f1xx_hal_i2c.c:7298:26:I2C_WaitOnFlagUntilTimeout	32	static
stm32f1xx_hal_i2c.c:7335:26:I2C_WaitOnMasterAddressFlagUntilTimeout	24	static
stm32f1xx_hal_i2c.c:7430:26:I2C_WaitOnBTFFlagUntilTimeout	16	static
stm32f1xx_hal_i2c.c:7536:26:I2C_WaitOnRXNEFlagUntilTimeout	16	static
stm32f1xx_hal_i2c.c:7389:26:I2C_WaitOnTXEFlagUntilTimeout	16	static
stm32f1xx_hal_i2c.c:6833:26:I2C_RequestMemoryWrite	48	static
stm32f1xx_hal_i2c.c:6913:26:I2C_RequestMemoryRead	48	static
stm32f1xx_hal_i2c.c:624:13:HAL_I2C_MspInit	0	static
stm32f1xx_hal_i2c.c:463:19:HAL_I2C_Init	16	static
stm32f1xx_hal_i2c.c:640:13:HAL_I2C_MspDeInit	0	static
stm32f1xx_hal_i2c.c:578:19:HAL_I2C_DeInit	8	static
stm32f1xx_hal_i2c.c:1074:19:HAL_I2C_Master_Transmit	48	static
stm32f1xx_hal_i2c.c:1195:19:HAL_I2C_Master_Receive	64	static,ignoring_inline_asm
stm32f1xx_hal_i2c.c:1493:19:HAL_I2C_Slave_Transmit	48	static
stm32f1xx_hal_i2c.c:1623:19:HAL_I2C_Slave_Receive	48	static
stm32f1xx_hal_i2c.c:1744:19:HAL_I2C_Master_Transmit_IT	24	static
stm32f1xx_hal_i2c.c:1821:19:HAL_I2C_Master_Receive_IT	24	static
stm32f1xx_hal_i2c.c:1901:19:HAL_I2C_Slave_Transmit_IT	8	static
stm32f1xx_hal_i2c.c:1963:19:HAL_I2C_Slave_Receive_IT	8	static
stm32f1xx_hal_i2c.c:2027:19:HAL_I2C_Master_Transmit_DMA	32	static
stm32f1xx_hal_i2c.c:2180:19:HAL_I2C_Master_Receive_DMA	24	static
stm32f1xx_hal_i2c.c:2331:19:HAL_I2C_Slave_Transmit_DMA	24	static
stm32f1xx_hal_i2c.c:2443:19:HAL_I2C_Slave_Receive_DMA	24	static
stm32f1xx_hal_i2c.c:2560:19:HAL_I2C_Mem_Write	40	static
stm32f1xx_hal_i2c.c:2683:19:HAL_I2C_Mem_Read	64	static,ignoring_inline_asm
stm32f1xx_hal_i2c.c:2979:19:HAL_I2C_Mem_Write_IT	24	static
stm32f1xx_hal_i2c.c:3064:19:HAL_I2C_Mem_Read_IT	32	static
stm32f1xx_hal_i2c.c:3155:19:HAL_I2C_Mem_Write_DMA	48	static
stm32f1xx_hal_i2c.c:3335:19:HAL_I2C_Mem_Read_DMA	56	static
stm32f1xx_hal_i2c.c:3529:19:HAL_I2C_IsDeviceReady	56	static
stm32f1xx_hal_i2c.c:3665:19:HAL_I2C_Master_Seq_Transmit_IT	32	static
stm32f1xx_hal_i2c.c:3760:19:HAL_I2C_Master_Seq_Transmit_DMA	32	static
stm32f1xx_hal_i2c.c:3940:19:HAL_I2C_Master_Seq_Receive_IT	32	static
stm32f1xx_hal_i2c.c:4061:19:HAL_I2C_Master_Seq_Receive_DMA	32	static
stm32f1xx_hal_i2c.c:4276:19:HAL_I2C_Slave_Seq_Transmit_IT	24	static
stm32f1xx_hal_i2c.c:4342:19:HAL_I2C_Slave_Seq_Transmit_DMA	40	static
stm32f1xx_hal_i2c.c:4516:19:HAL_I2C_Slave_Seq_Receive_IT	24	static
stm32f1xx_hal_i2c.c:4582:19:HAL_I2C_Slave_Seq_Receive_DMA	40	static
stm32f1xx_hal_i2c.c:4752:19:HAL_I2C_EnableListen_IT	0	static
stm32f1xx_hal_i2c.c:4785:19:HAL_I2C_DisableListen_IT	0	static
stm32f1xx_hal_i2c.c:5131:13:HAL_I2C_MasterTxCpltCallback	0	static
stm32f1xx_hal_i2c.c:5147:13:HAL_I2C_MasterRxCpltCallback	0	static
stm32f1xx_hal_i2c.c:5162:13:HAL_I2C_SlaveTxCpltCallback	0	static
stm32f1xx_hal_i2c.c:5178:13:HAL_I2C_SlaveRxCpltCallback	0	static
stm32f1xx_hal_i2c.c:5196:13:HAL_I2C_AddrCallback	0	static
stm32f1xx_hal_i2c.c:5214:13:HAL_I2C_ListenCpltCallback	0	static
stm32f1xx_hal_i2c.c:5230:13:HAL_I2C_MemTxCpltCallback	0	static
stm32f1xx_hal_i2c.c:5532:13:I2C_MemoryTransmit_TXE_BTF	8	static
stm32f1xx_hal_i2c.c:5246:13:HAL_I2C_MemRxCpltCallback	0	static
stm32f1xx_hal_i2c.c:5262:13:HAL_I2C_ErrorCallback	0	static
stm32f1xx_hal_i2c.c:7160:13:I2C_DMAError	8	static
stm32f1xx_hal_i2c.c:7022:13:I2C_DMAXferCplt	16	static
stm32f1xx_hal_i2c.c:5278:13:HAL_I2C_AbortCpltCallback	0	static
stm32f1xx_hal_i2c.c:7195:13:I2C_DMAAbort	24	static
stm32f1xx_hal_i2c.c:6497:13:I2C_ITError	8	static
stm32f1xx_hal_i2c.c:4820:19:HAL_I2C_Master_Abort_IT	8	static
stm32f1xx_hal_i2c.c:4879:6:HAL_I2C_EV_IRQHandler	80	static
stm32f1xx_hal_i2c.c:5048:6:HAL_I2C_ER_IRQHandler	24	static
stm32f1xx_hal_i2c.c:5313:22:HAL_I2C_GetState	0	static
stm32f1xx_hal_i2c.c:5325:21:HAL_I2C_GetMode	0	static
stm32f1xx_hal_i2c.c:5336:10:HAL_I2C_GetError	0	static
