dhcp.c:263:6:default_ip_assign	8	static
dhcp.c:271:6:default_ip_update	8	static
dhcp.c:281:6:default_ip_conflict	8	static
dhcp.c:290:6:reg_dhcp_cbfunc	16	static
dhcp.c:301:6:makeDHCPMSG	16	static
dhcp.c:538:6:send_DHCP_DECLINE	24	static
dhcp.c:598:8:parseDHCPMSG	88	static
dhcp.c:885:9:DHCP_stop	8	static
dhcp.c:944:8:check_DHCP_leasedIP	24	static
dhcp.c:1014:6:reset_DHCP_timeout	0	static
dhcp.c:979:6:DHCP_init	24	static
dhcp.c:1021:6:DHCP_time_handler	0	static
dhcp.c:1026:6:getIPfromDHCP	0	static
dhcp.c:1034:6:getGWfromDHCP	0	static
dhcp.c:1042:6:getZABBIXfromDHCP	0	static
dhcp.c:1050:6:getHostNamefromDHCP	0	static
dhcp.c:1063:6:getSNfromDHCP	0	static
dhcp.c:1071:6:getDNSfromDHCP	0	static
dhcp.c:1079:6:getTimeSrvfromDHCP	0	static
dhcp.c:1087:6:getSNTPSrvfromDHCP	0	static
dhcp.c:1095:10:getDHCPLeasetime	0	static
dhcp.c:1100:6:NibbleToHex	0	static
dhcp.c:360:6:send_DHCP_DISCOVER	48	static
dhcp.c:437:6:send_DHCP_REQUEST	48	static
dhcp.c:891:9:check_DHCP_timeout	16	static
dhcp.c:755:9:DHCP_run	16	static
