main.c:158:6:Callback_IPAssigned	0	static
main.c:165:6:Callback_IPConflict	0	static
main.c:130:6:W5500_Select	0	static
main.c:134:6:W5500_Unselect	0	static
main.c:138:6:W5500_ReadBuff	0	static
main.c:146:9:W5500_ReadByte	16	static
main.c:142:6:W5500_WriteBuff	0	static
main.c:152:6:W5500_WriteByte	16	static
main.c:1052:13:MX_I2C1_Init	8	static,ignoring_inline_asm
main.c:556:6:SCDwriteData.constprop	24	static
main.c:192:9:sendToZabbix	280	static
main.c:285:6:getDataFromAnemometer	16	static
main.c:312:6:init_w5500	24	static
main.c:390:6:setSleepMode	8	static
main.c:396:10:performSelfTest	8	static
main.c:403:6:moduleReinit	8	static
main.c:408:6:performFactoryReset	8	static
main.c:417:6:measureSingleShot	8	static
main.c:426:6:enablePeriodMeasure	8	static
main.c:506:6:persistSettings	8	static
main.c:556:6:SCDwriteData	24	static
main.c:560:8:SCDreadData	40	static
main.c:432:6:getDataReadyStatus	16	static
main.c:511:6:getSerialNumber	24	static
main.c:566:6:readMeasurement	24	static
main.c:960:6:SystemClock_Config	96	static,ignoring_inline_asm
main.c:580:5:main	160	static,ignoring_inline_asm
main.c:1410:6:HAL_GPIO_EXTI_Callback	24	static
main.c:1434:6:Error_Handler	0	static,ignoring_inline_asm
