ssd1306.c:8:6:ssd1306_Reset	0	static
ssd1306.c:13:6:ssd1306_WriteCommand	32	static
ssd1306.c:18:6:ssd1306_WriteData	24	static
ssd1306.c:63:17:ssd1306_FillBuffer	8	static
ssd1306.c:177:6:ssd1306_Fill	0	static
ssd1306.c:187:6:ssd1306_UpdateScreen	16	static
ssd1306.c:206:6:ssd1306_DrawPixel	12	static
ssd1306.c:224:6:ssd1306_WriteChar	64	static
ssd1306.c:259:6:ssd1306_WriteString	24	static
ssd1306.c:276:6:ssd1306_SetCursor	0	static
ssd1306.c:282:6:ssd1306_Line	48	static
ssd1306.c:318:6:ssd1306_Polyline	32	static
ssd1306.c:353:6:ssd1306_DrawArc	88	static
ssd1306.c:390:6:ssd1306_DrawCircle	48	static
ssd1306.c:435:6:ssd1306_DrawRectangle	32	static
ssd1306.c:446:6:ssd1306_DrawBitmap	48	static
ssd1306.c:468:6:ssd1306_SetContrast	8	static
ssd1306.c:474:6:ssd1306_SetDisplayOn	0	static
ssd1306.c:73:6:ssd1306_Init	8	static
ssd1306.c:486:9:ssd1306_GetDisplayOn	0	static
