st7735.c:87:13:ST7735_Select	0	static
st7735.c:101:13:ST7735_WriteCommand	16	static
st7735.c:106:13:ST7735_WriteData	16	static
st7735.c:111:13:ST7735_ExecuteCommandList	24	static
st7735.c:137:13:ST7735_SetAddressWindow	32	static
st7735.c:91:6:ST7735_Unselect	0	static
st7735.c:237:6:ST7735_FillRectangle.part.0	32	static
st7735.c:257:6:ST7735_FillRectangleFast.part.0	32	static
st7735.c:153:6:ST7735_Init	8	static
st7735.c:162:6:ST7735_DrawPixel	24	static
st7735.c:211:6:ST7735_WriteString	64	static
st7735.c:237:6:ST7735_FillRectangle	8	static
st7735.c:257:6:ST7735_FillRectangleFast	8	static
st7735.c:280:6:ST7735_FillScreen	16	static
st7735.c:284:6:ST7735_FillScreenFast	16	static
st7735.c:288:6:ST7735_DrawImage	24	static
st7735.c:299:6:ST7735_InvertColors	8	static
st7735.c:305:6:ST7735_SetGamma	16	static
