stm32f1xx_hal_msp.c:65:6:HAL_MspInit	8	static
stm32f1xx_hal_msp.c:91:6:HAL_ADC_MspInit	40	static
stm32f1xx_hal_msp.c:140:6:HAL_ADC_MspDeInit	8	static
stm32f1xx_hal_msp.c:170:6:HAL_I2C_MspInit	32	static
stm32f1xx_hal_msp.c:206:6:HAL_I2C_MspDeInit	8	static
stm32f1xx_hal_msp.c:237:6:HAL_RTC_MspInit	16	static
stm32f1xx_hal_msp.c:262:6:HAL_RTC_MspDeInit	0	static
stm32f1xx_hal_msp.c:284:6:HAL_SPI_MspInit	32	static
stm32f1xx_hal_msp.c:324:6:HAL_SPI_MspDeInit	0	static
stm32f1xx_hal_msp.c:354:6:HAL_TIM_Base_MspInit	16	static
stm32f1xx_hal_msp.c:393:6:HAL_TIM_Base_MspDeInit	0	static
stm32f1xx_hal_msp.c:432:6:HAL_UART_MspInit	32	static
stm32f1xx_hal_msp.c:473:6:HAL_UART_MspDeInit	0	static
