Archive member included to satisfy reference by file (symbol)

/opt/st/stm32cubeide_1.6.1/plugins/com.st.stm32cube.ide.mcu.externaltools.gnu-tools-for-stm32.9-2020-q2-update.linux64_1.5.0.202011040924/tools/bin/../lib/gcc/arm-none-eabi/9.3.1/../../../../arm-none-eabi/lib/thumb/v7-m/nofp/libm.a(lib_a-s_cos.o)
                              Core/Src/ssd1306.o (cos)
/opt/st/stm32cubeide_1.6.1/plugins/com.st.stm32cube.ide.mcu.externaltools.gnu-tools-for-stm32.9-2020-q2-update.linux64_1.5.0.202011040924/tools/bin/../lib/gcc/arm-none-eabi/9.3.1/../../../../arm-none-eabi/lib/thumb/v7-m/nofp/libm.a(lib_a-s_sin.o)
                              Core/Src/ssd1306.o (sin)
/opt/st/stm32cubeide_1.6.1/plugins/com.st.stm32cube.ide.mcu.externaltools.gnu-tools-for-stm32.9-2020-q2-update.linux64_1.5.0.202011040924/tools/bin/../lib/gcc/arm-none-eabi/9.3.1/../../../../arm-none-eabi/lib/thumb/v7-m/nofp/libm.a(lib_a-e_rem_pio2.o)
                              /opt/st/stm32cubeide_1.6.1/plugins/com.st.stm32cube.ide.mcu.externaltools.gnu-tools-for-stm32.9-2020-q2-update.linux64_1.5.0.202011040924/tools/bin/../lib/gcc/arm-none-eabi/9.3.1/../../../../arm-none-eabi/lib/thumb/v7-m/nofp/libm.a(lib_a-s_cos.o) (__ieee754_rem_pio2)
/opt/st/stm32cubeide_1.6.1/plugins/com.st.stm32cube.ide.mcu.externaltools.gnu-tools-for-stm32.9-2020-q2-update.linux64_1.5.0.202011040924/tools/bin/../lib/gcc/arm-none-eabi/9.3.1/../../../../arm-none-eabi/lib/thumb/v7-m/nofp/libm.a(lib_a-k_cos.o)
                              /opt/st/stm32cubeide_1.6.1/plugins/com.st.stm32cube.ide.mcu.externaltools.gnu-tools-for-stm32.9-2020-q2-update.linux64_1.5.0.202011040924/tools/bin/../lib/gcc/arm-none-eabi/9.3.1/../../../../arm-none-eabi/lib/thumb/v7-m/nofp/libm.a(lib_a-s_cos.o) (__kernel_cos)
/opt/st/stm32cubeide_1.6.1/plugins/com.st.stm32cube.ide.mcu.externaltools.gnu-tools-for-stm32.9-2020-q2-update.linux64_1.5.0.202011040924/tools/bin/../lib/gcc/arm-none-eabi/9.3.1/../../../../arm-none-eabi/lib/thumb/v7-m/nofp/libm.a(lib_a-k_rem_pio2.o)
                              /opt/st/stm32cubeide_1.6.1/plugins/com.st.stm32cube.ide.mcu.externaltools.gnu-tools-for-stm32.9-2020-q2-update.linux64_1.5.0.202011040924/tools/bin/../lib/gcc/arm-none-eabi/9.3.1/../../../../arm-none-eabi/lib/thumb/v7-m/nofp/libm.a(lib_a-e_rem_pio2.o) (__kernel_rem_pio2)
/opt/st/stm32cubeide_1.6.1/plugins/com.st.stm32cube.ide.mcu.externaltools.gnu-tools-for-stm32.9-2020-q2-update.linux64_1.5.0.202011040924/tools/bin/../lib/gcc/arm-none-eabi/9.3.1/../../../../arm-none-eabi/lib/thumb/v7-m/nofp/libm.a(lib_a-k_sin.o)
                              /opt/st/stm32cubeide_1.6.1/plugins/com.st.stm32cube.ide.mcu.externaltools.gnu-tools-for-stm32.9-2020-q2-update.linux64_1.5.0.202011040924/tools/bin/../lib/gcc/arm-none-eabi/9.3.1/../../../../arm-none-eabi/lib/thumb/v7-m/nofp/libm.a(lib_a-s_cos.o) (__kernel_sin)
/opt/st/stm32cubeide_1.6.1/plugins/com.st.stm32cube.ide.mcu.externaltools.gnu-tools-for-stm32.9-2020-q2-update.linux64_1.5.0.202011040924/tools/bin/../lib/gcc/arm-none-eabi/9.3.1/../../../../arm-none-eabi/lib/thumb/v7-m/nofp/libm.a(lib_a-s_fabs.o)
                              /opt/st/stm32cubeide_1.6.1/plugins/com.st.stm32cube.ide.mcu.externaltools.gnu-tools-for-stm32.9-2020-q2-update.linux64_1.5.0.202011040924/tools/bin/../lib/gcc/arm-none-eabi/9.3.1/../../../../arm-none-eabi/lib/thumb/v7-m/nofp/libm.a(lib_a-e_rem_pio2.o) (fabs)
/opt/st/stm32cubeide_1.6.1/plugins/com.st.stm32cube.ide.mcu.externaltools.gnu-tools-for-stm32.9-2020-q2-update.linux64_1.5.0.202011040924/tools/bin/../lib/gcc/arm-none-eabi/9.3.1/../../../../arm-none-eabi/lib/thumb/v7-m/nofp/libm.a(lib_a-s_floor.o)
                              /opt/st/stm32cubeide_1.6.1/plugins/com.st.stm32cube.ide.mcu.externaltools.gnu-tools-for-stm32.9-2020-q2-update.linux64_1.5.0.202011040924/tools/bin/../lib/gcc/arm-none-eabi/9.3.1/../../../../arm-none-eabi/lib/thumb/v7-m/nofp/libm.a(lib_a-k_rem_pio2.o) (floor)
/opt/st/stm32cubeide_1.6.1/plugins/com.st.stm32cube.ide.mcu.externaltools.gnu-tools-for-stm32.9-2020-q2-update.linux64_1.5.0.202011040924/tools/bin/../lib/gcc/arm-none-eabi/9.3.1/../../../../arm-none-eabi/lib/thumb/v7-m/nofp/libm.a(lib_a-s_scalbn.o)
                              /opt/st/stm32cubeide_1.6.1/plugins/com.st.stm32cube.ide.mcu.externaltools.gnu-tools-for-stm32.9-2020-q2-update.linux64_1.5.0.202011040924/tools/bin/../lib/gcc/arm-none-eabi/9.3.1/../../../../arm-none-eabi/lib/thumb/v7-m/nofp/libm.a(lib_a-k_rem_pio2.o) (scalbn)
/opt/st/stm32cubeide_1.6.1/plugins/com.st.stm32cube.ide.mcu.externaltools.gnu-tools-for-stm32.9-2020-q2-update.linux64_1.5.0.202011040924/tools/bin/../lib/gcc/arm-none-eabi/9.3.1/../../../../arm-none-eabi/lib/thumb/v7-m/nofp/libc_nano.a(lib_a-exit.o)
                              /opt/st/stm32cubeide_1.6.1/plugins/com.st.stm32cube.ide.mcu.externaltools.gnu-tools-for-stm32.9-2020-q2-update.linux64_1.5.0.202011040924/tools/bin/../lib/gcc/arm-none-eabi/9.3.1/../../../../arm-none-eabi/lib/thumb/v7-m/nofp/crt0.o (exit)
[...]
Memory Configuration

Name             Origin             Length             Attributes
RAM              0x0000000020000000 0x0000000000005000 xrw
FLASH            0x0000000008000000 0x0000000000010000 xr
*default*        0x0000000000000000 0xffffffffffffffff

Linker script and memory map

LOAD /opt/st/stm32cubeide_1.6.1/plugins/com.st.stm32cube.ide.mcu.externaltools.gnu-tools-for-stm32.9-2020-q2-update.linux64_1.5.0.202011040924/tools/bin/../lib/gcc/arm-none-eabi/9.3.1/thumb/v7-m/nofp/crti.o
LOAD /opt/st/stm32cubeide_1.6.1/plugins/com.st.stm32cube.ide.mcu.externaltools.gnu-tools-for-stm32.9-2020-q2-update.linux64_1.5.0.202011040924/tools/bin/../lib/gcc/arm-none-eabi/9.3.1/thumb/v7-m/nofp/crtbegin.o
LOAD /opt/st/stm32cubeide_1.6.1/plugins/com.st.stm32cube.ide.mcu.externaltools.gnu-tools-for-stm32.9-2020-q2-update.linux64_1.5.0.202011040924/tools/bin/../lib/gcc/arm-none-eabi/9.3.1/../../../../arm-none-eabi/lib/thumb/v7-m/nofp/crt0.o
LOAD Core/Src/BME280.o
LOAD Core/Src/GFX_FUNCTIONS.o
LOAD Core/Src/ST7735_fonts.o
LOAD Core/Src/dhcp.o
LOAD Core/Src/main.o
LOAD Core/Src/sntp.o
LOAD Core/Src/socket.o
LOAD Core/Src/ssd1306.o
LOAD Core/Src/ssd1306_fonts.o
LOAD Core/Src/st7735.o
LOAD Core/Src/stm32f1xx_hal_msp.o
LOAD Core/Src/stm32f1xx_it.o
LOAD Core/Src/system_stm32f1xx.o
LOAD Core/Src/w5500.o
LOAD Core/Src/wizchip_conf.o
LOAD Core/Startup/startup_stm32f103c8tx.o
LOAD Drivers/STM32F1xx_HAL_Driver/Src/stm32f1xx_hal.o
LOAD Drivers/STM32F1xx_HAL_Driver/Src/stm32f1xx_hal_adc.o
LOAD Drivers/STM32F1xx_HAL_Driver/Src/stm32f1xx_hal_adc_ex.o
LOAD Drivers/STM32F1xx_HAL_Driver/Src/stm32f1xx_hal_cortex.o
LOAD Drivers/STM32F1xx_HAL_Driver/Src/stm32f1xx_hal_dma.o
LOAD Drivers/STM32F1xx_HAL_Driver/Src/stm32f1xx_hal_exti.o
LOAD Drivers/STM32F1xx_HAL_Driver/Src/stm32f1xx_hal_flash.o
LOAD Drivers/STM32F1xx_HAL_Driver/Src/stm32f1xx_hal_flash_ex.o
LOAD Drivers/STM32F1xx_HAL_Driver/Src/stm32f1xx_hal_gpio.o
LOAD Drivers/STM32F1xx_HAL_Driver/Src/stm32f1xx_hal_gpio_ex.o
LOAD Drivers/STM32F1xx_HAL_Driver/Src/stm32f1xx_hal_i2c.o
LOAD Drivers/STM32F1xx_HAL_Driver/Src/stm32f1xx_hal_iwdg.o
LOAD Drivers/STM32F1xx_HAL_Driver/Src/stm32f1xx_hal_pwr.o
LOAD Drivers/STM32F1xx_HAL_Driver/Src/stm32f1xx_hal_rcc.o
LOAD Drivers/STM32F1xx_HAL_Driver/Src/stm32f1xx_hal_rcc_ex.o
LOAD Drivers/STM32F1xx_HAL_Driver/Src/stm32f1xx_hal_rtc.o
LOAD Drivers/STM32F1xx_HAL_Driver/Src/stm32f1xx_hal_rtc_ex.o
LOAD Drivers/STM32F1xx_HAL_Driver/Src/stm32f1xx_hal_spi.o
LOAD Drivers/STM32F1xx_HAL_Driver/Src/stm32f1xx_hal_tim.o
LOAD Drivers/STM32F1xx_HAL_Driver/Src/stm32f1xx_hal_tim_ex.o
LOAD Drivers/STM32F1xx_HAL_Driver/Src/stm32f1xx_hal_uart.o
START GROUP
LOAD /opt/st/stm32cubeide_1.6.1/plugins/com.st.stm32cube.ide.mcu.externaltools.gnu-tools-for-stm32.9-2020-q2-update.linux64_1.5.0.202011040924/tools/bin/../lib/gcc/arm-none-eabi/9.3.1/../../../../arm-none-eabi/lib/thumb/v7-m/nofp/libstdc++_nano.a
LOAD /opt/st/stm32cubeide_1.6.1/plugins/com.st.stm32cube.ide.mcu.externaltools.gnu-tools-for-stm32.9-2020-q2-update.linux64_1.5.0.202011040924/tools/bin/../lib/gcc/arm-none-eabi/9.3.1/../../../../arm-none-eabi/lib/thumb/v7-m/nofp/libsupc++_nano.a
END GROUP
LOAD /opt/st/stm32cubeide_1.6.1/plugins/com.st.stm32cube.ide.mcu.externaltools.gnu-tools-for-stm32.9-2020-q2-update.linux64_1.5.0.202011040924/tools/bin/../lib/gcc/arm-none-eabi/9.3.1/../../../../arm-none-eabi/lib/thumb/v7-m/nofp/libstdc++_nano.a
LOAD /opt/st/stm32cubeide_1.6.1/plugins/com.st.stm32cube.ide.mcu.externaltools.gnu-tools-for-stm32.9-2020-q2-update.linux64_1.5.0.202011040924/tools/bin/../lib/gcc/arm-none-eabi/9.3.1/../../../../arm-none-eabi/lib/thumb/v7-m/nofp/libm.a
LOAD /opt/st/stm32cubeide_1.6.1/plugins/com.st.stm32cube.ide.mcu.externaltools.gnu-tools-for-stm32.9-2020-q2-update.linux64_1.5.0.202011040924/tools/bin/../lib/gcc/arm-none-eabi/9.3.1/../../../../arm-none-eabi/lib/thumb/v7-m/nofp/libc_nano.a
START GROUP
LOAD /opt/st/stm32cubeide_1.6.1/plugins/com.st.stm32cube.ide.mcu.externaltools.gnu-tools-for-stm32.9-2020-q2-update.linux64_1.5.0.202011040924/tools/bin/../lib/gcc/arm-none-eabi/9.3.1/thumb/v7-m/nofp/libgcc.a
LOAD /opt/st/stm32cubeide_1.6.1/plugins/com.st.stm32cube.ide.mcu.externaltools.gnu-tools-for-stm32.9-2020-q2-update.linux64_1.5.0.202011040924/tools/bin/../lib/gcc/arm-none-eabi/9.3.1/../../../../arm-none-eabi/lib/thumb/v7-m/nofp/libc_nano.a
END GROUP
START GROUP
LOAD /opt/st/stm32cubeide_1.6.1/plugins/com.st.stm32cube.ide.mcu.externaltools.gnu-tools-for-stm32.9-2020-q2-update.linux64_1.5.0.202011040924/tools/bin/../lib/gcc/arm-none-eabi/9.3.1/thumb/v7-m/nofp/libgcc.a
LOAD /opt/st/stm32cubeide_1.6.1/plugins/com.st.stm32cube.ide.mcu.externaltools.gnu-tools-for-stm32.9-2020-q2-update.linux64_1.5.0.202011040924/tools/bin/../lib/gcc/arm-none-eabi/9.3.1/../../../../arm-none-eabi/lib/thumb/v7-m/nofp/libc_nano.a
LOAD /opt/st/stm32cubeide_1.6.1/plugins/com.st.stm32cube.ide.mcu.externaltools.gnu-tools-for-stm32.9-2020-q2-update.linux64_1.5.0.202011040924/tools/bin/../lib/gcc/arm-none-eabi/9.3.1/../../../../arm-none-eabi/lib/thumb/v7-m/nofp/libnosys.a
END GROUP
START GROUP
LOAD /opt/st/stm32cubeide_1.6.1/plugins/com.st.stm32cube.ide.mcu.externaltools.gnu-tools-for-stm32.9-2020-q2-update.linux64_1.5.0.202011040924/tools/bin/../lib/gcc/arm-none-eabi/9.3.1/thumb/v7-m/nofp/libgcc.a
LOAD /opt/st/stm32cubeide_1.6.1/plugins/com.st.stm32cube.ide.mcu.externaltools.gnu-tools-for-stm32.9-2020-q2-update.linux64_1.5.0.202011040924/tools/bin/../lib/gcc/arm-none-eabi/9.3.1/../../../../arm-none-eabi/lib/thumb/v7-m/nofp/libc_nano.a
LOAD /opt/st/stm32cubeide_1.6.1/plugins/com.st.stm32cube.ide.mcu.externaltools.gnu-tools-for-stm32.9-2020-q2-update.linux64_1.5.0.202011040924/tools/bin/../lib/gcc/arm-none-eabi/9.3.1/../../../../arm-none-eabi/lib/thumb/v7-m/nofp/libnosys.a
END GROUP
LOAD /opt/st/stm32cubeide_1.6.1/plugins/com.st.stm32cube.ide.mcu.externaltools.gnu-tools-for-stm32.9-2020-q2-update.linux64_1.5.0.202011040924/tools/bin/../lib/gcc/arm-none-eabi/9.3.1/thumb/v7-m/nofp/crtend.o
LOAD /opt/st/stm32cubeide_1.6.1/plugins/com.st.stm32cube.ide.mcu.externaltools.gnu-tools-for-stm32.9-2020-q2-update.linux64_1.5.0.202011040924/tools/bin/../lib/gcc/arm-none-eabi/9.3.1/thumb/v7-m/nofp/crtn.o
                0x0000000020005000                _estack = (ORIGIN (RAM) + LENGTH (RAM))
                0x0000000000000200                _Min_Heap_Size = 0x200
                0x0000000000000400                _Min_Stack_Size = 0x400

.isr_vector     0x0000000008000000      0x10c
                0x0000000008000000                . = ALIGN (0x4)
 *(.isr_vector)
 .isr_vector    0x0000000008000000      0x10c Core/Startup/startup_stm32f103c8tx.o
                0x0000000008000000                g_pfnVectors
                0x000000000800010c                . = ALIGN (0x4)

.text           0x0000000008000110     0xac84
                0x0000000008000110                . = ALIGN (0x4)
 *(.text)
 .text          0x0000000008000110       0x40 /opt/st/stm32cubeide_1.6.1/plugins/com.st.stm32cube.ide.mcu.externaltools.gnu-tools-for-stm32.9-2020-q2-update.linux64_1.5.0.202011040924/tools/bin/../lib/gcc/arm-none-eabi/9.3.1/thumb/v7-m/nofp/crtbegin.o
 .text          0x0000000008000150       0x10 /opt/st/stm32cubeide_1.6.1/plugins/com.st.stm32cube.ide.mcu.externaltools.gnu-tools-for-stm32.9-2020-q2-update.linux64_1.5.0.202011040924/tools/bin/../lib/gcc/arm-none-eabi/9.3.1/../../../../arm-none-eabi/lib/thumb/v7-m/nofp/libc_nano.a(lib_a-strlen.o)
                0x0000000008000150                strlen
 .text          0x0000000008000160      0x378 /opt/st/stm32cubeide_1.6.1/plugins/com.st.stm32cube.ide.mcu.externaltools.gnu-tools-for-stm32.9-2020-q2-update.linux64_1.5.0.202011040924/tools/bin/../lib/gcc/arm-none-eabi/9.3.1/thumb/v7-m/nofp/libgcc.a(_arm_addsubdf3.o)
                0x0000000008000160                __aeabi_drsub
                0x0000000008000168                __aeabi_dsub
                0x0000000008000168                __subdf3
                0x000000000800016c                __adddf3
                0x000000000800016c                __aeabi_dadd
                0x00000000080003e4                __aeabi_ui2d
                0x00000000080003e4                __floatunsidf
                0x0000000008000404                __floatsidf
                0x0000000008000404                __aeabi_i2d
                0x0000000008000428                __extendsfdf2
                0x0000000008000428                __aeabi_f2d
                0x000000000800046c                __aeabi_ul2d
                0x000000000800046c                __floatundidf
                0x000000000800047c                __floatdidf
                0x000000000800047c                __aeabi_l2d
 .text          0x00000000080004d8      0x424 /opt/st/stm32cubeide_1.6.1/plugins/com.st.stm32cube.ide.mcu.externaltools.gnu-tools-for-stm32.9-2020-q2-update.linux64_1.5.0.202011040924/tools/bin/../lib/gcc/arm-none-eabi/9.3.1/thumb/v7-m/nofp/libgcc.a(_arm_muldivdf3.o)
                0x00000000080004d8                __aeabi_dmul
                0x00000000080004d8                __muldf3
                0x000000000800072c                __aeabi_ddiv
                0x000000000800072c                __divdf3
 .text          0x00000000080008fc      0x110 /opt/st/stm32cubeide_1.6.1/plugins/com.st.stm32cube.ide.mcu.externaltools.gnu-tools-for-stm32.9-2020-q2-update.linux64_1.5.0.202011040924/tools/bin/../lib/gcc/arm-none-eabi/9.3.1/thumb/v7-m/nofp/libgcc.a(_arm_cmpdf2.o)
                0x00000000080008fc                __gtdf2
                0x00000000080008fc                __gedf2
                0x0000000008000904                __ltdf2
                0x0000000008000904                __ledf2
                0x000000000800090c                __cmpdf2
                0x000000000800090c                __eqdf2
                0x000000000800090c                __nedf2
                0x0000000008000988                __aeabi_cdrcmple
                0x0000000008000998                __aeabi_cdcmple
                0x0000000008000998                __aeabi_cdcmpeq
                0x00000000080009a8                __aeabi_dcmpeq
                0x00000000080009bc                __aeabi_dcmplt
                0x00000000080009d0                __aeabi_dcmple
                0x00000000080009e4                __aeabi_dcmpge
                0x00000000080009f8                __aeabi_dcmpgt
 .text          0x0000000008000a0c       0x2c /opt/st/stm32cubeide_1.6.1/plugins/com.st.stm32cube.ide.mcu.externaltools.gnu-tools-for-stm32.9-2020-q2-update.linux64_1.5.0.202011040924/tools/bin/../lib/gcc/arm-none-eabi/9.3.1/thumb/v7-m/nofp/libgcc.a(_arm_unorddf2.o)
                0x0000000008000a0c                __aeabi_dcmpun
                0x0000000008000a0c                __unorddf2
 .text          0x0000000008000a38       0x50 /opt/st/stm32cubeide_1.6.1/plugins/com.st.stm32cube.ide.mcu.externaltools.gnu-tools-for-stm32.9-2020-q2-update.linux64_1.5.0.202011040924/tools/bin/../lib/gcc/arm-none-eabi/9.3.1/thumb/v7-m/nofp/libgcc.a(_arm_fixdfsi.o)
                0x0000000008000a38                __fixdfsi
                0x0000000008000a38                __aeabi_d2iz
 .text          0x0000000008000a88       0xa0 /opt/st/stm32cubeide_1.6.1/plugins/com.st.stm32cube.ide.mcu.externaltools.gnu-tools-for-stm32.9-2020-q2-update.linux64_1.5.0.202011040924/tools/bin/../lib/gcc/arm-none-eabi/9.3.1/thumb/v7-m/nofp/libgcc.a(_arm_truncdfsf2.o)
                0x0000000008000a88                __aeabi_d2f
                0x0000000008000a88                __truncdfsf2
 .text          0x0000000008000b28      0x21c /opt/st/stm32cubeide_1.6.1/plugins/com.st.stm32cube.ide.mcu.externaltools.gnu-tools-for-stm32.9-2020-q2-update.linux64_1.5.0.202011040924/tools/bin/../lib/gcc/arm-none-eabi/9.3.1/thumb/v7-m/nofp/libgcc.a(_arm_addsubsf3.o)
                0x0000000008000b28                __aeabi_frsub
                0x0000000008000b30                __subsf3
                0x0000000008000b30                __aeabi_fsub
                0x0000000008000b34                __aeabi_fadd
                0x0000000008000b34                __addsf3
                0x0000000008000c94                __aeabi_ui2f
                0x0000000008000c94                __floatunsisf
                0x0000000008000c9c                __aeabi_i2f
                0x0000000008000c9c                __floatsisf
                0x0000000008000cb8                __floatundisf
                0x0000000008000cb8                __aeabi_ul2f
                0x0000000008000cc8                __floatdisf
                0x0000000008000cc8                __aeabi_l2f
 .text          0x0000000008000d44      0x2a0 /opt/st/stm32cubeide_1.6.1/plugins/com.st.stm32cube.ide.mcu.externaltools.gnu-tools-for-stm32.9-2020-q2-update.linux64_1.5.0.202011040924/tools/bin/../lib/gcc/arm-none-eabi/9.3.1/thumb/v7-m/nofp/libgcc.a(_arm_muldivsf3.o)
                0x0000000008000d44                __mulsf3
                0x0000000008000d44                __aeabi_fmul
                0x0000000008000eac                __divsf3
                0x0000000008000eac                __aeabi_fdiv
 .text          0x0000000008000fe4       0xec /opt/st/stm32cubeide_1.6.1/plugins/com.st.stm32cube.ide.mcu.externaltools.gnu-tools-for-stm32.9-2020-q2-update.linux64_1.5.0.202011040924/tools/bin/../lib/gcc/arm-none-eabi/9.3.1/thumb/v7-m/nofp/libgcc.a(_arm_cmpsf2.o)
                0x0000000008000fe4                __gtsf2
                0x0000000008000fe4                __gesf2
                0x0000000008000fec                __lesf2
                0x0000000008000fec                __ltsf2
                0x0000000008000ff4                __nesf2
                0x0000000008000ff4                __eqsf2
                0x0000000008000ff4                __cmpsf2
                0x0000000008001054                __aeabi_cfrcmple
                0x000000000800105c                __aeabi_cfcmple
                0x000000000800105c                __aeabi_cfcmpeq
                0x000000000800106c                __aeabi_fcmpeq
                0x0000000008001080                __aeabi_fcmplt
                0x0000000008001094                __aeabi_fcmple
                0x00000000080010a8                __aeabi_fcmpge
                0x00000000080010bc                __aeabi_fcmpgt
 .text          0x00000000080010d0       0xa0 /opt/st/stm32cubeide_1.6.1/plugins/com.st.stm32cube.ide.mcu.externaltools.gnu-tools-for-stm32.9-2020-q2-update.linux64_1.5.0.202011040924/tools/bin/../lib/gcc/arm-none-eabi/9.3.1/thumb/v7-m/nofp/libgcc.a(_aeabi_ldivmod.o)
                0x00000000080010d0                __aeabi_ldivmod
 .text          0x0000000008001170      0x2c4 /opt/st/stm32cubeide_1.6.1/plugins/com.st.stm32cube.ide.mcu.externaltools.gnu-tools-for-stm32.9-2020-q2-update.linux64_1.5.0.202011040924/tools/bin/../lib/gcc/arm-none-eabi/9.3.1/thumb/v7-m/nofp/libgcc.a(_udivmoddi4.o)
                0x0000000008001170                __udivmoddi4
 .text          0x0000000008001434        0x4 /opt/st/stm32cubeide_1.6.1/plugins/com.st.stm32cube.ide.mcu.externaltools.gnu-tools-for-stm32.9-2020-q2-update.linux64_1.5.0.202011040924/tools/bin/../lib/gcc/arm-none-eabi/9.3.1/thumb/v7-m/nofp/libgcc.a(_dvmd_tls.o)
                0x0000000008001434                __aeabi_ldiv0
                0x0000000008001434                __aeabi_idiv0
 *(.text*)
 .text.BME280_WriteReg
                0x0000000008001438       0x2c Core/Src/BME280.o
                0x0000000008001438                BME280_WriteReg
 .text.BME280_ReadReg
                0x0000000008001464       0x30 Core/Src/BME280.o
                0x0000000008001464                BME280_ReadReg
 .text.BME280_ReadReg_U16
                0x0000000008001494       0x24 Core/Src/BME280.o
                0x0000000008001494                BME280_ReadReg_U16
 .text.BME280_ReadReg_S16
                0x00000000080014b8       0x24 Core/Src/BME280.o
                0x00000000080014b8                BME280_ReadReg_S16
 .text.BME280_ReadReg_BE_S16
                0x00000000080014dc       0x34 Core/Src/BME280.o
                0x00000000080014dc                BME280_ReadReg_BE_S16
 .text.BME280_ReadReg_BE_U24
                0x0000000008001510       0x3c Core/Src/BME280.o
                0x0000000008001510                BME280_ReadReg_BE_U24
 .text.BME280_ReadTemperature
                0x000000000800154c       0x94 Core/Src/BME280.o
                0x000000000800154c                BME280_ReadTemperature
 .text.BME280_ReadPressure
                0x00000000080015e0      0x238 Core/Src/BME280.o
                0x00000000080015e0                BME280_ReadPressure
 .text.BME280_ReadHumidity
                0x0000000008001818       0xd0 Core/Src/BME280.o
                0x0000000008001818                BME280_ReadHumidity
 .text.BME280_Init
                0x00000000080018e8      0x178 Core/Src/BME280.o
                0x00000000080018e8                BME280_Init
 .text.default_ip_assign
                0x0000000008001a60       0x38 Core/Src/dhcp.o
                0x0000000008001a60                default_ip_assign
 .text.default_ip_update
                0x0000000008001a98       0x28 Core/Src/dhcp.o
                0x0000000008001a98                default_ip_update
 .text.default_ip_conflict
                0x0000000008001ac0       0x24 Core/Src/dhcp.o
                0x0000000008001ac0                default_ip_conflict
 .text.reg_dhcp_cbfunc
                0x0000000008001ae4       0x40 Core/Src/dhcp.o
                0x0000000008001ae4                reg_dhcp_cbfunc
 .text.makeDHCPMSG
                0x0000000008001b24       0xa4 Core/Src/dhcp.o
                0x0000000008001b24                makeDHCPMSG
 .text.send_DHCP_DECLINE
                0x0000000008001bc8       0xd4 Core/Src/dhcp.o
                0x0000000008001bc8                send_DHCP_DECLINE
 .text.parseDHCPMSG
                0x0000000008001c9c      0x324 Core/Src/dhcp.o
                0x0000000008001c9c                parseDHCPMSG
 .text.check_DHCP_leasedIP
                0x0000000008001fc0       0x64 Core/Src/dhcp.o
                0x0000000008001fc0                check_DHCP_leasedIP
 .text.reset_DHCP_timeout
                0x0000000008002024       0x20 Core/Src/dhcp.o
                0x0000000008002024                reset_DHCP_timeout
 .text.DHCP_init
                0x0000000008002044       0xb0 Core/Src/dhcp.o
                0x0000000008002044                DHCP_init
 .text.DHCP_time_handler
                0x00000000080020f4       0x10 Core/Src/dhcp.o
                0x00000000080020f4                DHCP_time_handler
 .text.getIPfromDHCP
                0x0000000008002104       0x18 Core/Src/dhcp.o
                0x0000000008002104                getIPfromDHCP
 .text.getGWfromDHCP
                0x000000000800211c       0x18 Core/Src/dhcp.o
                0x000000000800211c                getGWfromDHCP
 .text.getZABBIXfromDHCP
                0x0000000008002134       0x18 Core/Src/dhcp.o
                0x0000000008002134                getZABBIXfromDHCP
 .text.getHostNamefromDHCP
                0x000000000800214c       0x1c Core/Src/dhcp.o
                0x000000000800214c                getHostNamefromDHCP
 .text.getSNfromDHCP
                0x0000000008002168       0x18 Core/Src/dhcp.o
                0x0000000008002168                getSNfromDHCP
 .text.getSNTPSrvfromDHCP
                0x0000000008002180       0x18 Core/Src/dhcp.o
                0x0000000008002180                getSNTPSrvfromDHCP
 .text.NibbleToHex
                0x0000000008002198        0xe Core/Src/dhcp.o
                0x0000000008002198                NibbleToHex
 *fill*         0x00000000080021a6        0x2 
 .text.send_DHCP_DISCOVER
                0x00000000080021a8      0x1ec Core/Src/dhcp.o
                0x00000000080021a8                send_DHCP_DISCOVER
 .text.send_DHCP_REQUEST
                0x0000000008002394      0x274 Core/Src/dhcp.o
                0x0000000008002394                send_DHCP_REQUEST
 .text.check_DHCP_timeout
                0x0000000008002608       0x84 Core/Src/dhcp.o
                0x0000000008002608                check_DHCP_timeout
 .text.DHCP_run
                0x000000000800268c      0x17c Core/Src/dhcp.o
                0x000000000800268c                DHCP_run
 .text.Callback_IPAssigned
                0x0000000008002808        0xc Core/Src/main.o
                0x0000000008002808                Callback_IPAssigned
 .text.Callback_IPConflict
                0x0000000008002814        0x2 Core/Src/main.o
                0x0000000008002814                Callback_IPConflict
 *fill*         0x0000000008002816        0x2 
 .text.W5500_Select
                0x0000000008002818       0x10 Core/Src/main.o
                0x0000000008002818                W5500_Select
 .text.W5500_Unselect
                0x0000000008002828       0x10 Core/Src/main.o
                0x0000000008002828                W5500_Unselect
 .text.W5500_ReadBuff
                0x0000000008002838       0x14 Core/Src/main.o
                0x0000000008002838                W5500_ReadBuff
 .text.W5500_ReadByte
                0x000000000800284c       0x16 Core/Src/main.o
                0x000000000800284c                W5500_ReadByte
 *fill*         0x0000000008002862        0x2 
 .text.W5500_WriteBuff
                0x0000000008002864       0x14 Core/Src/main.o
                0x0000000008002864                W5500_WriteBuff
 .text.W5500_WriteByte
                0x0000000008002878       0x16 Core/Src/main.o
                0x0000000008002878                W5500_WriteByte
 *fill*         0x000000000800288e        0x2 
 .text.MX_I2C1_Init
                0x0000000008002890       0x38 Core/Src/main.o
 .text.SCDwriteData.constprop.0
                0x00000000080028c8       0x24 Core/Src/main.o
 .text.sendToZabbix
                0x00000000080028ec       0xbc Core/Src/main.o
                0x00000000080028ec                sendToZabbix
 .text.init_w5500
                0x00000000080029a8       0xf0 Core/Src/main.o
                0x00000000080029a8                init_w5500
 .text.enablePeriodMeasure
                0x0000000008002a98       0x1e Core/Src/main.o
                0x0000000008002a98                enablePeriodMeasure
 *fill*         0x0000000008002ab6        0x2 
 .text.SCDreadData
                0x0000000008002ab8       0x38 Core/Src/main.o
                0x0000000008002ab8                SCDreadData
 .text.getSerialNumber
                0x0000000008002af0       0x50 Core/Src/main.o
                0x0000000008002af0                getSerialNumber
 .text.readMeasurement
                0x0000000008002b40       0x78 Core/Src/main.o
                0x0000000008002b40                readMeasurement
 .text.SystemClock_Config
                0x0000000008002bb8       0x86 Core/Src/main.o
                0x0000000008002bb8                SystemClock_Config
 *fill*         0x0000000008002c3e        0x2 
 .text.startup.main
                0x0000000008002c40      0x9a0 Core/Src/main.o
                0x0000000008002c40                main
 .text.HAL_GPIO_EXTI_Callback
                0x00000000080035e0       0x98 Core/Src/main.o
                0x00000000080035e0                HAL_GPIO_EXTI_Callback
 .text.Error_Handler
                0x0000000008003678        0x4 Core/Src/main.o
                0x0000000008003678                Error_Handler
 .text.SNTP_init
                0x000000000800367c       0x8c Core/Src/sntp.o
                0x000000000800367c                SNTP_init
 .text.secToDate
                0x0000000008003708       0x30 Core/Src/sntp.o
                0x0000000008003708                secToDate
 .text.get_seconds_from_ntp_server
                0x0000000008003738      0x174 Core/Src/sntp.o
                0x0000000008003738                get_seconds_from_ntp_server
 .text.SNTP_run
                0x00000000080038ac      0x10c Core/Src/sntp.o
                0x00000000080038ac                SNTP_run
 .text.close    0x00000000080039b8       0x7c Core/Src/socket.o
                0x00000000080039b8                close
 .text.socket   0x0000000008003a34      0x124 Core/Src/socket.o
                0x0000000008003a34                socket
 .text.connect  0x0000000008003b58       0xec Core/Src/socket.o
                0x0000000008003b58                connect
 .text.send     0x0000000008003c44      0x114 Core/Src/socket.o
                0x0000000008003c44                send
 .text.sendto   0x0000000008003d58      0x160 Core/Src/socket.o
                0x0000000008003d58                sendto
 .text.recvfrom
                0x0000000008003eb8      0x208 Core/Src/socket.o
                0x0000000008003eb8                recvfrom
 .text.ST7735_Select
                0x00000000080040c0       0x10 Core/Src/st7735.o
 .text.ST7735_WriteCommand
                0x00000000080040d0       0x30 Core/Src/st7735.o
 .text.ST7735_WriteData
                0x0000000008004100       0x2c Core/Src/st7735.o
 .text.ST7735_ExecuteCommandList
                0x000000000800412c       0x46 Core/Src/st7735.o
 .text.ST7735_SetAddressWindow
                0x0000000008004172       0x4e Core/Src/st7735.o
 .text.ST7735_Unselect
                0x00000000080041c0       0x10 Core/Src/st7735.o
                0x00000000080041c0                ST7735_Unselect
 .text.ST7735_FillRectangle.part.0
                0x00000000080041d0       0x88 Core/Src/st7735.o
 .text.ST7735_Init
                0x0000000008004258       0x50 Core/Src/st7735.o
                0x0000000008004258                ST7735_Init
 .text.ST7735_WriteString
                0x00000000080042a8       0xd2 Core/Src/st7735.o
                0x00000000080042a8                ST7735_WriteString
 .text.ST7735_FillScreen
                0x000000000800437a       0x16 Core/Src/st7735.o
                0x000000000800437a                ST7735_FillScreen
 .text.HAL_MspInit
                0x0000000008004390       0x44 Core/Src/stm32f1xx_hal_msp.o
                0x0000000008004390                HAL_MspInit
 .text.HAL_ADC_MspInit
                0x00000000080043d4       0x94 Core/Src/stm32f1xx_hal_msp.o
                0x00000000080043d4                HAL_ADC_MspInit
 .text.HAL_I2C_MspInit
                0x0000000008004468       0x78 Core/Src/stm32f1xx_hal_msp.o
                0x0000000008004468                HAL_I2C_MspInit
 .text.HAL_I2C_MspDeInit
                0x00000000080044e0       0x3c Core/Src/stm32f1xx_hal_msp.o
                0x00000000080044e0                HAL_I2C_MspDeInit
 .text.HAL_RTC_MspInit
                0x000000000800451c       0x3c Core/Src/stm32f1xx_hal_msp.o
                0x000000000800451c                HAL_RTC_MspInit
 .text.HAL_SPI_MspInit
                0x0000000008004558       0x78 Core/Src/stm32f1xx_hal_msp.o
                0x0000000008004558                HAL_SPI_MspInit
 .text.HAL_TIM_Base_MspInit
                0x00000000080045d0       0x70 Core/Src/stm32f1xx_hal_msp.o
                0x00000000080045d0                HAL_TIM_Base_MspInit
 .text.HAL_UART_MspInit
                0x0000000008004640       0x84 Core/Src/stm32f1xx_hal_msp.o
                0x0000000008004640                HAL_UART_MspInit
 .text.NMI_Handler
                0x00000000080046c4        0x2 Core/Src/stm32f1xx_it.o
                0x00000000080046c4                NMI_Handler
 .text.HardFault_Handler
                0x00000000080046c6        0x2 Core/Src/stm32f1xx_it.o
                0x00000000080046c6                HardFault_Handler
 .text.MemManage_Handler
                0x00000000080046c8        0x2 Core/Src/stm32f1xx_it.o
                0x00000000080046c8                MemManage_Handler
 .text.BusFault_Handler
                0x00000000080046ca        0x2 Core/Src/stm32f1xx_it.o
                0x00000000080046ca                BusFault_Handler
 .text.UsageFault_Handler
                0x00000000080046cc        0x2 Core/Src/stm32f1xx_it.o
                0x00000000080046cc                UsageFault_Handler
 .text.SVC_Handler
                0x00000000080046ce        0x2 Core/Src/stm32f1xx_it.o
                0x00000000080046ce                SVC_Handler
 .text.DebugMon_Handler
                0x00000000080046d0        0x2 Core/Src/stm32f1xx_it.o
                0x00000000080046d0                DebugMon_Handler
 .text.PendSV_Handler
                0x00000000080046d2        0x2 Core/Src/stm32f1xx_it.o
                0x00000000080046d2                PendSV_Handler
 .text.SysTick_Handler
                0x00000000080046d4       0x28 Core/Src/stm32f1xx_it.o
                0x00000000080046d4                SysTick_Handler
 .text.DMA1_Channel1_IRQHandler
                0x00000000080046fc       0x44 Core/Src/stm32f1xx_it.o
                0x00000000080046fc                DMA1_Channel1_IRQHandler
 .text.EXTI9_5_IRQHandler
                0x0000000008004740        0x6 Core/Src/stm32f1xx_it.o
                0x0000000008004740                EXTI9_5_IRQHandler
 *fill*         0x0000000008004746        0x2 
 .text.TIM1_UP_IRQHandler
                0x0000000008004748       0x24 Core/Src/stm32f1xx_it.o
                0x0000000008004748                TIM1_UP_IRQHandler
 .text.TIM4_IRQHandler
                0x000000000800476c       0x28 Core/Src/stm32f1xx_it.o
                0x000000000800476c                TIM4_IRQHandler
 .text.SystemInit
                0x0000000008004794        0x2 Core/Src/system_stm32f1xx.o
                0x0000000008004794                SystemInit
 *fill*         0x0000000008004796        0x2 
 .text.WIZCHIP_READ
                0x0000000008004798       0x5c Core/Src/w5500.o
                0x0000000008004798                WIZCHIP_READ
 .text.WIZCHIP_WRITE
                0x00000000080047f4       0x64 Core/Src/w5500.o
                0x00000000080047f4                WIZCHIP_WRITE
 .text.WIZCHIP_READ_BUF
                0x0000000008004858       0x74 Core/Src/w5500.o
                0x0000000008004858                WIZCHIP_READ_BUF
 .text.WIZCHIP_WRITE_BUF
                0x00000000080048cc       0x74 Core/Src/w5500.o
                0x00000000080048cc                WIZCHIP_WRITE_BUF
 .text.getSn_TX_FSR
                0x0000000008004940       0x42 Core/Src/w5500.o
                0x0000000008004940                getSn_TX_FSR
 .text.getSn_RX_RSR
                0x0000000008004982       0x42 Core/Src/w5500.o
                0x0000000008004982                getSn_RX_RSR
 .text.wiz_send_data
                0x00000000080049c4       0x5a Core/Src/w5500.o
                0x00000000080049c4                wiz_send_data
 .text.wiz_recv_data
                0x0000000008004a1e       0x5a Core/Src/w5500.o
                0x0000000008004a1e                wiz_recv_data
 .text.wiz_recv_ignore
                0x0000000008004a78       0x3c Core/Src/w5500.o
                0x0000000008004a78                wiz_recv_ignore
 .text.wizchip_cris_enter
                0x0000000008004ab4        0x2 Core/Src/wizchip_conf.o
                0x0000000008004ab4                wizchip_cris_enter
 .text.wizchip_bus_readdata
                0x0000000008004ab6        0x4 Core/Src/wizchip_conf.o
                0x0000000008004ab6                wizchip_bus_readdata
 .text.wizchip_bus_writedata
                0x0000000008004aba        0x4 Core/Src/wizchip_conf.o
                0x0000000008004aba                wizchip_bus_writedata
 .text.wizchip_spi_readbyte
                0x0000000008004abe        0x4 Core/Src/wizchip_conf.o
                0x0000000008004abe                wizchip_spi_readbyte
 .text.wizchip_spi_writebyte
                0x0000000008004ac2        0x2 Core/Src/wizchip_conf.o
                0x0000000008004ac2                wizchip_spi_writebyte
 .text.wizchip_spi_readburst
                0x0000000008004ac4        0x2 Core/Src/wizchip_conf.o
                0x0000000008004ac4                wizchip_spi_readburst
 .text.wizchip_spi_writeburst
                0x0000000008004ac6        0x2 Core/Src/wizchip_conf.o
                0x0000000008004ac6                wizchip_spi_writeburst
 .text.wizchip_cris_exit
                0x0000000008004ac8        0x2 Core/Src/wizchip_conf.o
                0x0000000008004ac8                wizchip_cris_exit
 .text.wizchip_cs_select
                0x0000000008004aca        0x2 Core/Src/wizchip_conf.o
                0x0000000008004aca                wizchip_cs_select
 .text.wizchip_cs_deselect
                0x0000000008004acc        0x2 Core/Src/wizchip_conf.o
                0x0000000008004acc                wizchip_cs_deselect
 *fill*         0x0000000008004ace        0x2 
 .text.reg_wizchip_cs_cbfunc
                0x0000000008004ad0       0x24 Core/Src/wizchip_conf.o
                0x0000000008004ad0                reg_wizchip_cs_cbfunc
 .text.reg_wizchip_spi_cbfunc
                0x0000000008004af4       0x30 Core/Src/wizchip_conf.o
                0x0000000008004af4                reg_wizchip_spi_cbfunc
 .text.reg_wizchip_spiburst_cbfunc
                0x0000000008004b24       0x30 Core/Src/wizchip_conf.o
                0x0000000008004b24                reg_wizchip_spiburst_cbfunc
 .text.wizchip_sw_reset
                0x0000000008004b54       0x7a Core/Src/wizchip_conf.o
                0x0000000008004b54                wizchip_sw_reset
 .text.wizchip_init
                0x0000000008004bce       0x7a Core/Src/wizchip_conf.o
                0x0000000008004bce                wizchip_init
 .text.wizchip_setnetinfo
                0x0000000008004c48       0x5c Core/Src/wizchip_conf.o
                0x0000000008004c48                wizchip_setnetinfo
 .text.Reset_Handler
                0x0000000008004ca4       0x48 Core/Startup/startup_stm32f103c8tx.o
                0x0000000008004ca4                Reset_Handler
 .text.Default_Handler
                0x0000000008004cec        0x2 Core/Startup/startup_stm32f103c8tx.o
                0x0000000008004cec                RTC_Alarm_IRQHandler
                0x0000000008004cec                EXTI2_IRQHandler
                0x0000000008004cec                TIM1_CC_IRQHandler
                0x0000000008004cec                PVD_IRQHandler
                0x0000000008004cec                EXTI3_IRQHandler
                0x0000000008004cec                EXTI0_IRQHandler
                0x0000000008004cec                I2C2_EV_IRQHandler
                0x0000000008004cec                ADC1_2_IRQHandler
                0x0000000008004cec                SPI1_IRQHandler
                0x0000000008004cec                TAMPER_IRQHandler
                0x0000000008004cec                DMA1_Channel4_IRQHandler
                0x0000000008004cec                USART3_IRQHandler
                0x0000000008004cec                RTC_IRQHandler
                0x0000000008004cec                DMA1_Channel7_IRQHandler
                0x0000000008004cec                CAN1_RX1_IRQHandler
                0x0000000008004cec                I2C1_EV_IRQHandler
                0x0000000008004cec                DMA1_Channel6_IRQHandler
                0x0000000008004cec                TIM3_IRQHandler
                0x0000000008004cec                RCC_IRQHandler
                0x0000000008004cec                TIM1_TRG_COM_IRQHandler
                0x0000000008004cec                Default_Handler
                0x0000000008004cec                EXTI15_10_IRQHandler
                0x0000000008004cec                SPI2_IRQHandler
                0x0000000008004cec                DMA1_Channel5_IRQHandler
                0x0000000008004cec                EXTI4_IRQHandler
                0x0000000008004cec                USB_LP_CAN1_RX0_IRQHandler
                0x0000000008004cec                USB_HP_CAN1_TX_IRQHandler
                0x0000000008004cec                DMA1_Channel3_IRQHandler
                0x0000000008004cec                WWDG_IRQHandler
                0x0000000008004cec                TIM2_IRQHandler
                0x0000000008004cec                TIM1_BRK_IRQHandler
                0x0000000008004cec                EXTI1_IRQHandler
                0x0000000008004cec                USART2_IRQHandler
                0x0000000008004cec                I2C2_ER_IRQHandler
                0x0000000008004cec                DMA1_Channel2_IRQHandler
                0x0000000008004cec                CAN1_SCE_IRQHandler
                0x0000000008004cec                FLASH_IRQHandler
                0x0000000008004cec                USART1_IRQHandler
                0x0000000008004cec                I2C1_ER_IRQHandler
                0x0000000008004cec                USBWakeUp_IRQHandler
 *fill*         0x0000000008004cee        0x2 
 .text.HAL_InitTick
                0x0000000008004cf0       0x48 Drivers/STM32F1xx_HAL_Driver/Src/stm32f1xx_hal.o
                0x0000000008004cf0                HAL_InitTick
 .text.HAL_Init
                0x0000000008004d38       0x24 Drivers/STM32F1xx_HAL_Driver/Src/stm32f1xx_hal.o
                0x0000000008004d38                HAL_Init
 .text.HAL_IncTick
                0x0000000008004d5c       0x18 Drivers/STM32F1xx_HAL_Driver/Src/stm32f1xx_hal.o
                0x0000000008004d5c                HAL_IncTick
 .text.HAL_GetTick
                0x0000000008004d74        0xc Drivers/STM32F1xx_HAL_Driver/Src/stm32f1xx_hal.o
                0x0000000008004d74                HAL_GetTick
 .text.HAL_Delay
                0x0000000008004d80       0x24 Drivers/STM32F1xx_HAL_Driver/Src/stm32f1xx_hal.o
                0x0000000008004d80                HAL_Delay
 .text.HAL_ADC_ConvCpltCallback
                0x0000000008004da4        0x2 Drivers/STM32F1xx_HAL_Driver/Src/stm32f1xx_hal_adc.o
                0x0000000008004da4                HAL_ADC_ConvCpltCallback
 .text.ADC_DMAConvCplt
                0x0000000008004da6       0x4e Drivers/STM32F1xx_HAL_Driver/Src/stm32f1xx_hal_adc.o
                0x0000000008004da6                ADC_DMAConvCplt
 .text.HAL_ADC_ConvHalfCpltCallback
                0x0000000008004df4        0x2 Drivers/STM32F1xx_HAL_Driver/Src/stm32f1xx_hal_adc.o
                0x0000000008004df4                HAL_ADC_ConvHalfCpltCallback
 .text.ADC_DMAHalfConvCplt
                0x0000000008004df6        0xa Drivers/STM32F1xx_HAL_Driver/Src/stm32f1xx_hal_adc.o
                0x0000000008004df6                ADC_DMAHalfConvCplt
 .text.HAL_ADC_ErrorCallback
                0x0000000008004e00        0x2 Drivers/STM32F1xx_HAL_Driver/Src/stm32f1xx_hal_adc.o
                0x0000000008004e00                HAL_ADC_ErrorCallback
 .text.ADC_DMAError
                0x0000000008004e02       0x1a Drivers/STM32F1xx_HAL_Driver/Src/stm32f1xx_hal_adc.o
                0x0000000008004e02                ADC_DMAError
 .text.HAL_ADC_ConfigChannel
                0x0000000008004e1c       0xfc Drivers/STM32F1xx_HAL_Driver/Src/stm32f1xx_hal_adc.o
                0x0000000008004e1c                HAL_ADC_ConfigChannel
 .text.ADC_Enable
                0x0000000008004f18       0x78 Drivers/STM32F1xx_HAL_Driver/Src/stm32f1xx_hal_adc.o
                0x0000000008004f18                ADC_Enable
 .text.HAL_ADC_Start_DMA
                0x0000000008004f90      0x11c Drivers/STM32F1xx_HAL_Driver/Src/stm32f1xx_hal_adc.o
                0x0000000008004f90                HAL_ADC_Start_DMA
 .text.ADC_ConversionStop_Disable
                0x00000000080050ac       0x4c Drivers/STM32F1xx_HAL_Driver/Src/stm32f1xx_hal_adc.o
                0x00000000080050ac                ADC_ConversionStop_Disable
 .text.HAL_ADC_Init
                0x00000000080050f8       0xfc Drivers/STM32F1xx_HAL_Driver/Src/stm32f1xx_hal_adc.o
                0x00000000080050f8                HAL_ADC_Init
 .text.HAL_ADC_Stop_DMA
                0x00000000080051f4       0x56 Drivers/STM32F1xx_HAL_Driver/Src/stm32f1xx_hal_adc.o
                0x00000000080051f4                HAL_ADC_Stop_DMA
 *fill*         0x000000000800524a        0x2 
 .text.HAL_NVIC_SetPriorityGrouping
                0x000000000800524c       0x24 Drivers/STM32F1xx_HAL_Driver/Src/stm32f1xx_hal_cortex.o
                0x000000000800524c                HAL_NVIC_SetPriorityGrouping
 .text.HAL_NVIC_SetPriority
                0x0000000008005270       0x64 Drivers/STM32F1xx_HAL_Driver/Src/stm32f1xx_hal_cortex.o
                0x0000000008005270                HAL_NVIC_SetPriority
 .text.HAL_NVIC_EnableIRQ
                0x00000000080052d4       0x1c Drivers/STM32F1xx_HAL_Driver/Src/stm32f1xx_hal_cortex.o
                0x00000000080052d4                HAL_NVIC_EnableIRQ
 .text.HAL_SYSTICK_Config
                0x00000000080052f0       0x2c Drivers/STM32F1xx_HAL_Driver/Src/stm32f1xx_hal_cortex.o
                0x00000000080052f0                HAL_SYSTICK_Config
 .text.HAL_DMA_Init
                0x000000000800531c       0x5c Drivers/STM32F1xx_HAL_Driver/Src/stm32f1xx_hal_dma.o
                0x000000000800531c                HAL_DMA_Init
 .text.HAL_DMA_Start_IT
                0x0000000008005378       0x78 Drivers/STM32F1xx_HAL_Driver/Src/stm32f1xx_hal_dma.o
                0x0000000008005378                HAL_DMA_Start_IT
 .text.HAL_DMA_Abort
                0x00000000080053f0       0x3c Drivers/STM32F1xx_HAL_Driver/Src/stm32f1xx_hal_dma.o
                0x00000000080053f0                HAL_DMA_Abort
 .text.HAL_DMA_IRQHandler
                0x000000000800542c      0x124 Drivers/STM32F1xx_HAL_Driver/Src/stm32f1xx_hal_dma.o
                0x000000000800542c                HAL_DMA_IRQHandler
 .text.HAL_GPIO_Init
                0x0000000008005550      0x1b8 Drivers/STM32F1xx_HAL_Driver/Src/stm32f1xx_hal_gpio.o
                0x0000000008005550                HAL_GPIO_Init
 .text.HAL_GPIO_DeInit
                0x0000000008005708       0xdc Drivers/STM32F1xx_HAL_Driver/Src/stm32f1xx_hal_gpio.o
                0x0000000008005708                HAL_GPIO_DeInit
 .text.HAL_GPIO_WritePin
                0x00000000080057e4        0xa Drivers/STM32F1xx_HAL_Driver/Src/stm32f1xx_hal_gpio.o
                0x00000000080057e4                HAL_GPIO_WritePin
 *fill*         0x00000000080057ee        0x2 
 .text.HAL_GPIO_EXTI_IRQHandler
                0x00000000080057f0       0x18 Drivers/STM32F1xx_HAL_Driver/Src/stm32f1xx_hal_gpio.o
                0x00000000080057f0                HAL_GPIO_EXTI_IRQHandler
 .text.I2C_IsAcknowledgeFailed
                0x0000000008005808       0x32 Drivers/STM32F1xx_HAL_Driver/Src/stm32f1xx_hal_i2c.o
 .text.I2C_WaitOnMasterAddressFlagUntilTimeout
                0x000000000800583a       0x76 Drivers/STM32F1xx_HAL_Driver/Src/stm32f1xx_hal_i2c.o
 .text.I2C_WaitOnBTFFlagUntilTimeout
                0x00000000080058b0       0x4c Drivers/STM32F1xx_HAL_Driver/Src/stm32f1xx_hal_i2c.o
 .text.I2C_WaitOnRXNEFlagUntilTimeout
                0x00000000080058fc       0x5e Drivers/STM32F1xx_HAL_Driver/Src/stm32f1xx_hal_i2c.o
 .text.I2C_WaitOnFlagUntilTimeout
                0x000000000800595a       0x64 Drivers/STM32F1xx_HAL_Driver/Src/stm32f1xx_hal_i2c.o
 .text.I2C_WaitOnTXEFlagUntilTimeout
                0x00000000080059be       0x4c Drivers/STM32F1xx_HAL_Driver/Src/stm32f1xx_hal_i2c.o
 *fill*         0x0000000008005a0a        0x2 
 .text.I2C_RequestMemoryWrite
                0x0000000008005a0c       0xb0 Drivers/STM32F1xx_HAL_Driver/Src/stm32f1xx_hal_i2c.o
 .text.I2C_RequestMemoryRead
                0x0000000008005abc      0x104 Drivers/STM32F1xx_HAL_Driver/Src/stm32f1xx_hal_i2c.o
 .text.HAL_I2C_Init
                0x0000000008005bc0      0x150 Drivers/STM32F1xx_HAL_Driver/Src/stm32f1xx_hal_i2c.o
                0x0000000008005bc0                HAL_I2C_Init
 .text.HAL_I2C_DeInit
                0x0000000008005d10       0x32 Drivers/STM32F1xx_HAL_Driver/Src/stm32f1xx_hal_i2c.o
                0x0000000008005d10                HAL_I2C_DeInit
 *fill*         0x0000000008005d42        0x2 
 .text.HAL_I2C_Master_Receive
                0x0000000008005d44      0x348 Drivers/STM32F1xx_HAL_Driver/Src/stm32f1xx_hal_i2c.o
                0x0000000008005d44                HAL_I2C_Master_Receive
 .text.HAL_I2C_Mem_Write
                0x000000000800608c      0x120 Drivers/STM32F1xx_HAL_Driver/Src/stm32f1xx_hal_i2c.o
                0x000000000800608c                HAL_I2C_Mem_Write
 .text.HAL_I2C_Mem_Read
                0x00000000080061ac      0x27c Drivers/STM32F1xx_HAL_Driver/Src/stm32f1xx_hal_i2c.o
                0x00000000080061ac                HAL_I2C_Mem_Read
 .text.HAL_IWDG_Init
                0x0000000008006428       0x4e Drivers/STM32F1xx_HAL_Driver/Src/stm32f1xx_hal_iwdg.o
                0x0000000008006428                HAL_IWDG_Init
 .text.HAL_IWDG_Refresh
                0x0000000008006476        0xc Drivers/STM32F1xx_HAL_Driver/Src/stm32f1xx_hal_iwdg.o
                0x0000000008006476                HAL_IWDG_Refresh
 *fill*         0x0000000008006482        0x2 
 .text.HAL_PWR_EnableBkUpAccess
                0x0000000008006484        0xc Drivers/STM32F1xx_HAL_Driver/Src/stm32f1xx_hal_pwr.o
                0x0000000008006484                HAL_PWR_EnableBkUpAccess
 .text.HAL_RCC_OscConfig
                0x0000000008006490      0x338 Drivers/STM32F1xx_HAL_Driver/Src/stm32f1xx_hal_rcc.o
                0x0000000008006490                HAL_RCC_OscConfig
 .text.HAL_RCC_GetSysClockFreq
                0x00000000080067c8       0x74 Drivers/STM32F1xx_HAL_Driver/Src/stm32f1xx_hal_rcc.o
                0x00000000080067c8                HAL_RCC_GetSysClockFreq
 .text.HAL_RCC_ClockConfig
                0x000000000800683c      0x138 Drivers/STM32F1xx_HAL_Driver/Src/stm32f1xx_hal_rcc.o
                0x000000000800683c                HAL_RCC_ClockConfig
 .text.HAL_RCC_GetPCLK1Freq
                0x0000000008006974       0x20 Drivers/STM32F1xx_HAL_Driver/Src/stm32f1xx_hal_rcc.o
                0x0000000008006974                HAL_RCC_GetPCLK1Freq
 .text.HAL_RCC_GetPCLK2Freq
                0x0000000008006994       0x20 Drivers/STM32F1xx_HAL_Driver/Src/stm32f1xx_hal_rcc.o
                0x0000000008006994                HAL_RCC_GetPCLK2Freq
 .text.HAL_RCCEx_PeriphCLKConfig
                0x00000000080069b4       0xf0 Drivers/STM32F1xx_HAL_Driver/Src/stm32f1xx_hal_rcc_ex.o
                0x00000000080069b4                HAL_RCCEx_PeriphCLKConfig
 .text.HAL_RCCEx_GetPeriphCLKFreq
                0x0000000008006aa4       0xe8 Drivers/STM32F1xx_HAL_Driver/Src/stm32f1xx_hal_rcc_ex.o
                0x0000000008006aa4                HAL_RCCEx_GetPeriphCLKFreq
 .text.RTC_ReadTimeCounter
                0x0000000008006b8c       0x24 Drivers/STM32F1xx_HAL_Driver/Src/stm32f1xx_hal_rtc.o
 .text.RTC_ReadAlarmCounter
                0x0000000008006bb0        0xe Drivers/STM32F1xx_HAL_Driver/Src/stm32f1xx_hal_rtc.o
 .text.RTC_ByteToBcd2
                0x0000000008006bbe       0x16 Drivers/STM32F1xx_HAL_Driver/Src/stm32f1xx_hal_rtc.o
 .text.RTC_Bcd2ToByte
                0x0000000008006bd4       0x10 Drivers/STM32F1xx_HAL_Driver/Src/stm32f1xx_hal_rtc.o
 .text.RTC_WeekDayNum
                0x0000000008006be4       0x64 Drivers/STM32F1xx_HAL_Driver/Src/stm32f1xx_hal_rtc.o
 .text.RTC_EnterInitMode
                0x0000000008006c48       0x2e Drivers/STM32F1xx_HAL_Driver/Src/stm32f1xx_hal_rtc.o
 .text.RTC_ExitInitMode
                0x0000000008006c76       0x30 Drivers/STM32F1xx_HAL_Driver/Src/stm32f1xx_hal_rtc.o
 .text.RTC_WriteTimeCounter
                0x0000000008006ca6       0x28 Drivers/STM32F1xx_HAL_Driver/Src/stm32f1xx_hal_rtc.o
 .text.RTC_WriteAlarmCounter
                0x0000000008006cce       0x28 Drivers/STM32F1xx_HAL_Driver/Src/stm32f1xx_hal_rtc.o
 .text.HAL_RTC_SetTime
                0x0000000008006cf6       0xa2 Drivers/STM32F1xx_HAL_Driver/Src/stm32f1xx_hal_rtc.o
                0x0000000008006cf6                HAL_RTC_SetTime
 .text.HAL_RTC_GetTime
                0x0000000008006d98      0x170 Drivers/STM32F1xx_HAL_Driver/Src/stm32f1xx_hal_rtc.o
                0x0000000008006d98                HAL_RTC_GetTime
 .text.HAL_RTC_WaitForSynchro
                0x0000000008006f08       0x36 Drivers/STM32F1xx_HAL_Driver/Src/stm32f1xx_hal_rtc.o
                0x0000000008006f08                HAL_RTC_WaitForSynchro
 *fill*         0x0000000008006f3e        0x2 
 .text.HAL_RTC_Init
                0x0000000008006f40       0x9c Drivers/STM32F1xx_HAL_Driver/Src/stm32f1xx_hal_rtc.o
                0x0000000008006f40                HAL_RTC_Init
 .text.SPI_WaitFlagStateUntilTimeout.constprop.0
                0x0000000008006fdc       0xac Drivers/STM32F1xx_HAL_Driver/Src/stm32f1xx_hal_spi.o
 .text.SPI_EndRxTransaction
                0x0000000008007088       0x4e Drivers/STM32F1xx_HAL_Driver/Src/stm32f1xx_hal_spi.o
 .text.SPI_EndRxTxTransaction
                0x00000000080070d6       0x1c Drivers/STM32F1xx_HAL_Driver/Src/stm32f1xx_hal_spi.o
 .text.HAL_SPI_Init
                0x00000000080070f2       0xb0 Drivers/STM32F1xx_HAL_Driver/Src/stm32f1xx_hal_spi.o
                0x00000000080070f2                HAL_SPI_Init
 .text.HAL_SPI_Transmit
                0x00000000080071a2      0x15a Drivers/STM32F1xx_HAL_Driver/Src/stm32f1xx_hal_spi.o
                0x00000000080071a2                HAL_SPI_Transmit
 .text.HAL_SPI_TransmitReceive
                0x00000000080072fc      0x1de Drivers/STM32F1xx_HAL_Driver/Src/stm32f1xx_hal_spi.o
                0x00000000080072fc                HAL_SPI_TransmitReceive
 .text.HAL_SPI_Receive
                0x00000000080074da      0x136 Drivers/STM32F1xx_HAL_Driver/Src/stm32f1xx_hal_spi.o
                0x00000000080074da                HAL_SPI_Receive
 .text.TIM_OC1_SetConfig
                0x0000000008007610       0x50 Drivers/STM32F1xx_HAL_Driver/Src/stm32f1xx_hal_tim.o
 .text.TIM_OC3_SetConfig
                0x0000000008007660       0x54 Drivers/STM32F1xx_HAL_Driver/Src/stm32f1xx_hal_tim.o
 .text.TIM_OC4_SetConfig
                0x00000000080076b4       0x44 Drivers/STM32F1xx_HAL_Driver/Src/stm32f1xx_hal_tim.o
 .text.HAL_TIM_Base_Start_IT
                0x00000000080076f8       0x54 Drivers/STM32F1xx_HAL_Driver/Src/stm32f1xx_hal_tim.o
                0x00000000080076f8                HAL_TIM_Base_Start_IT
 .text.HAL_TIM_Base_Stop_IT
                0x000000000800774c       0x30 Drivers/STM32F1xx_HAL_Driver/Src/stm32f1xx_hal_tim.o
                0x000000000800774c                HAL_TIM_Base_Stop_IT
 .text.HAL_TIM_OC_MspInit
                0x000000000800777c        0x2 Drivers/STM32F1xx_HAL_Driver/Src/stm32f1xx_hal_tim.o
                0x000000000800777c                HAL_TIM_OC_MspInit
 .text.HAL_TIM_OnePulse_MspInit
                0x000000000800777e        0x2 Drivers/STM32F1xx_HAL_Driver/Src/stm32f1xx_hal_tim.o
                0x000000000800777e                HAL_TIM_OnePulse_MspInit
 .text.HAL_TIM_PeriodElapsedCallback
                0x0000000008007780        0x2 Drivers/STM32F1xx_HAL_Driver/Src/stm32f1xx_hal_tim.o
                0x0000000008007780                HAL_TIM_PeriodElapsedCallback
 .text.HAL_TIM_OC_DelayElapsedCallback
                0x0000000008007782        0x2 Drivers/STM32F1xx_HAL_Driver/Src/stm32f1xx_hal_tim.o
                0x0000000008007782                HAL_TIM_OC_DelayElapsedCallback
 .text.HAL_TIM_IC_CaptureCallback
                0x0000000008007784        0x2 Drivers/STM32F1xx_HAL_Driver/Src/stm32f1xx_hal_tim.o
                0x0000000008007784                HAL_TIM_IC_CaptureCallback
 .text.HAL_TIM_PWM_PulseFinishedCallback
                0x0000000008007786        0x2 Drivers/STM32F1xx_HAL_Driver/Src/stm32f1xx_hal_tim.o
                0x0000000008007786                HAL_TIM_PWM_PulseFinishedCallback
 .text.HAL_TIM_TriggerCallback
                0x0000000008007788        0x2 Drivers/STM32F1xx_HAL_Driver/Src/stm32f1xx_hal_tim.o
                0x0000000008007788                HAL_TIM_TriggerCallback
 .text.HAL_TIM_IRQHandler
                0x000000000800778a      0x144 Drivers/STM32F1xx_HAL_Driver/Src/stm32f1xx_hal_tim.o
                0x000000000800778a                HAL_TIM_IRQHandler
 *fill*         0x00000000080078ce        0x2 
 .text.TIM_Base_SetConfig
                0x00000000080078d0       0x70 Drivers/STM32F1xx_HAL_Driver/Src/stm32f1xx_hal_tim.o
                0x00000000080078d0                TIM_Base_SetConfig
 .text.HAL_TIM_Base_Init
                0x0000000008007940       0x58 Drivers/STM32F1xx_HAL_Driver/Src/stm32f1xx_hal_tim.o
                0x0000000008007940                HAL_TIM_Base_Init
 .text.HAL_TIM_OC_Init
                0x0000000008007998       0x58 Drivers/STM32F1xx_HAL_Driver/Src/stm32f1xx_hal_tim.o
                0x0000000008007998                HAL_TIM_OC_Init
 .text.HAL_TIM_OnePulse_Init
                0x00000000080079f0       0x5a Drivers/STM32F1xx_HAL_Driver/Src/stm32f1xx_hal_tim.o
                0x00000000080079f0                HAL_TIM_OnePulse_Init
 *fill*         0x0000000008007a4a        0x2 
 .text.TIM_OC2_SetConfig
                0x0000000008007a4c       0x58 Drivers/STM32F1xx_HAL_Driver/Src/stm32f1xx_hal_tim.o
                0x0000000008007a4c                TIM_OC2_SetConfig
 .text.HAL_TIM_OC_ConfigChannel
                0x0000000008007aa4       0x4e Drivers/STM32F1xx_HAL_Driver/Src/stm32f1xx_hal_tim.o
                0x0000000008007aa4                HAL_TIM_OC_ConfigChannel
 .text.TIM_ETR_SetConfig
                0x0000000008007af2       0x14 Drivers/STM32F1xx_HAL_Driver/Src/stm32f1xx_hal_tim.o
                0x0000000008007af2                TIM_ETR_SetConfig
 .text.HAL_TIM_ConfigClockSource
                0x0000000008007b06      0x128 Drivers/STM32F1xx_HAL_Driver/Src/stm32f1xx_hal_tim.o
                0x0000000008007b06                HAL_TIM_ConfigClockSource
 *fill*         0x0000000008007c2e        0x2 
 .text.HAL_TIMEx_MasterConfigSynchronization
                0x0000000008007c30       0x5c Drivers/STM32F1xx_HAL_Driver/Src/stm32f1xx_hal_tim_ex.o
                0x0000000008007c30                HAL_TIMEx_MasterConfigSynchronization
 .text.HAL_TIMEx_ConfigBreakDeadTime
                0x0000000008007c8c       0x4c Drivers/STM32F1xx_HAL_Driver/Src/stm32f1xx_hal_tim_ex.o
                0x0000000008007c8c                HAL_TIMEx_ConfigBreakDeadTime
 .text.HAL_TIMEx_CommutCallback
                0x0000000008007cd8        0x2 Drivers/STM32F1xx_HAL_Driver/Src/stm32f1xx_hal_tim_ex.o
                0x0000000008007cd8                HAL_TIMEx_CommutCallback
 .text.HAL_TIMEx_BreakCallback
                0x0000000008007cda        0x2 Drivers/STM32F1xx_HAL_Driver/Src/stm32f1xx_hal_tim_ex.o
                0x0000000008007cda                HAL_TIMEx_BreakCallback
 .text.UART_SetConfig
                0x0000000008007cdc       0x74 Drivers/STM32F1xx_HAL_Driver/Src/stm32f1xx_hal_uart.o
 .text.HAL_UART_Init
                0x0000000008007d50       0x5c Drivers/STM32F1xx_HAL_Driver/Src/stm32f1xx_hal_uart.o
                0x0000000008007d50                HAL_UART_Init
 .text.gmtime   0x0000000008007dac       0x3c /opt/st/stm32cubeide_1.6.1/plugins/com.st.stm32cube.ide.mcu.externaltools.gnu-tools-for-stm32.9-2020-q2-update.linux64_1.5.0.202011040924/tools/bin/../lib/gcc/arm-none-eabi/9.3.1/../../../../arm-none-eabi/lib/thumb/v7-m/nofp/libc_nano.a(lib_a-gmtime.o)
                0x0000000008007dac                gmtime
 .text.gmtime_r
                0x0000000008007de8      0x160 /opt/st/stm32cubeide_1.6.1/plugins/com.st.stm32cube.ide.mcu.externaltools.gnu-tools-for-stm32.9-2020-q2-update.linux64_1.5.0.202011040924/tools/bin/../lib/gcc/arm-none-eabi/9.3.1/../../../../arm-none-eabi/lib/thumb/v7-m/nofp/libc_nano.a(lib_a-gmtime_r.o)
                0x0000000008007de8                gmtime_r
 .text.__libc_init_array
                0x0000000008007f48       0x48 /opt/st/stm32cubeide_1.6.1/plugins/com.st.stm32cube.ide.mcu.externaltools.gnu-tools-for-stm32.9-2020-q2-update.linux64_1.5.0.202011040924/tools/bin/../lib/gcc/arm-none-eabi/9.3.1/../../../../arm-none-eabi/lib/thumb/v7-m/nofp/libc_nano.a(lib_a-init.o)
                0x0000000008007f48                __libc_init_array
 .text.malloc   0x0000000008007f90       0x10 /opt/st/stm32cubeide_1.6.1/plugins/com.st.stm32cube.ide.mcu.externaltools.gnu-tools-for-stm32.9-2020-q2-update.linux64_1.5.0.202011040924/tools/bin/../lib/gcc/arm-none-eabi/9.3.1/../../../../arm-none-eabi/lib/thumb/v7-m/nofp/libc_nano.a(lib_a-malloc.o)
                0x0000000008007f90                malloc
 .text.memcpy   0x0000000008007fa0       0x1c /opt/st/stm32cubeide_1.6.1/plugins/com.st.stm32cube.ide.mcu.externaltools.gnu-tools-for-stm32.9-2020-q2-update.linux64_1.5.0.202011040924/tools/bin/../lib/gcc/arm-none-eabi/9.3.1/../../../../arm-none-eabi/lib/thumb/v7-m/nofp/libc_nano.a(lib_a-memcpy-stub.o)
                0x0000000008007fa0                memcpy
 .text.memset   0x0000000008007fbc       0x10 /opt/st/stm32cubeide_1.6.1/plugins/com.st.stm32cube.ide.mcu.externaltools.gnu-tools-for-stm32.9-2020-q2-update.linux64_1.5.0.202011040924/tools/bin/../lib/gcc/arm-none-eabi/9.3.1/../../../../arm-none-eabi/lib/thumb/v7-m/nofp/libc_nano.a(lib_a-memset.o)
                0x0000000008007fbc                memset
 .text._free_r  0x0000000008007fcc       0x98 /opt/st/stm32cubeide_1.6.1/plugins/com.st.stm32cube.ide.mcu.externaltools.gnu-tools-for-stm32.9-2020-q2-update.linux64_1.5.0.202011040924/tools/bin/../lib/gcc/arm-none-eabi/9.3.1/../../../../arm-none-eabi/lib/thumb/v7-m/nofp/libc_nano.a(lib_a-nano-freer.o)
                0x0000000008007fcc                _free_r
 .text._malloc_r
                0x0000000008008064       0xb4 /opt/st/stm32cubeide_1.6.1/plugins/com.st.stm32cube.ide.mcu.externaltools.gnu-tools-for-stm32.9-2020-q2-update.linux64_1.5.0.202011040924/tools/bin/../lib/gcc/arm-none-eabi/9.3.1/../../../../arm-none-eabi/lib/thumb/v7-m/nofp/libc_nano.a(lib_a-nano-mallocr.o)
                0x0000000008008064                _malloc_r
 .text.__cvt    0x0000000008008118       0xbe /opt/st/stm32cubeide_1.6.1/plugins/com.st.stm32cube.ide.mcu.externaltools.gnu-tools-for-stm32.9-2020-q2-update.linux64_1.5.0.202011040924/tools/bin/../lib/gcc/arm-none-eabi/9.3.1/../../../../arm-none-eabi/lib/thumb/v7-m/nofp/libc_nano.a(lib_a-nano-vfprintf_float.o)
                0x0000000008008118                __cvt
 .text.__exponent
                0x00000000080081d6       0x7c /opt/st/stm32cubeide_1.6.1/plugins/com.st.stm32cube.ide.mcu.externaltools.gnu-tools-for-stm32.9-2020-q2-update.linux64_1.5.0.202011040924/tools/bin/../lib/gcc/arm-none-eabi/9.3.1/../../../../arm-none-eabi/lib/thumb/v7-m/nofp/libc_nano.a(lib_a-nano-vfprintf_float.o)
                0x00000000080081d6                __exponent
 *fill*         0x0000000008008252        0x2 
 .text._printf_float
                0x0000000008008254      0x458 /opt/st/stm32cubeide_1.6.1/plugins/com.st.stm32cube.ide.mcu.externaltools.gnu-tools-for-stm32.9-2020-q2-update.linux64_1.5.0.202011040924/tools/bin/../lib/gcc/arm-none-eabi/9.3.1/../../../../arm-none-eabi/lib/thumb/v7-m/nofp/libc_nano.a(lib_a-nano-vfprintf_float.o)
                0x0000000008008254                _printf_float
 .text._printf_common
                0x00000000080086ac       0xde /opt/st/stm32cubeide_1.6.1/plugins/com.st.stm32cube.ide.mcu.externaltools.gnu-tools-for-stm32.9-2020-q2-update.linux64_1.5.0.202011040924/tools/bin/../lib/gcc/arm-none-eabi/9.3.1/../../../../arm-none-eabi/lib/thumb/v7-m/nofp/libc_nano.a(lib_a-nano-vfprintf_i.o)
                0x00000000080086ac                _printf_common
 *fill*         0x000000000800878a        0x2 
 .text._printf_i
                0x000000000800878c      0x24c /opt/st/stm32cubeide_1.6.1/plugins/com.st.stm32cube.ide.mcu.externaltools.gnu-tools-for-stm32.9-2020-q2-update.linux64_1.5.0.202011040924/tools/bin/../lib/gcc/arm-none-eabi/9.3.1/../../../../arm-none-eabi/lib/thumb/v7-m/nofp/libc_nano.a(lib_a-nano-vfprintf_i.o)
                0x000000000800878c                _printf_i
 .text._sbrk_r  0x00000000080089d8       0x20 /opt/st/stm32cubeide_1.6.1/plugins/com.st.stm32cube.ide.mcu.externaltools.gnu-tools-for-stm32.9-2020-q2-update.linux64_1.5.0.202011040924/tools/bin/../lib/gcc/arm-none-eabi/9.3.1/../../../../arm-none-eabi/lib/thumb/v7-m/nofp/libc_nano.a(lib_a-sbrkr.o)
                0x00000000080089d8                _sbrk_r
 .text.sprintf  0x00000000080089f8       0x40 /opt/st/stm32cubeide_1.6.1/plugins/com.st.stm32cube.ide.mcu.externaltools.gnu-tools-for-stm32.9-2020-q2-update.linux64_1.5.0.202011040924/tools/bin/../lib/gcc/arm-none-eabi/9.3.1/../../../../arm-none-eabi/lib/thumb/v7-m/nofp/libc_nano.a(lib_a-sprintf.o)
                0x00000000080089f8                sprintf
                0x00000000080089f8                siprintf
 .text.strcpy   0x0000000008008a38       0x10 /opt/st/stm32cubeide_1.6.1/plugins/com.st.stm32cube.ide.mcu.externaltools.gnu-tools-for-stm32.9-2020-q2-update.linux64_1.5.0.202011040924/tools/bin/../lib/gcc/arm-none-eabi/9.3.1/../../../../arm-none-eabi/lib/thumb/v7-m/nofp/libc_nano.a(lib_a-strcpy.o)
                0x0000000008008a38                strcpy
 .text.__assert_func
                0x0000000008008a48       0x3c /opt/st/stm32cubeide_1.6.1/plugins/com.st.stm32cube.ide.mcu.externaltools.gnu-tools-for-stm32.9-2020-q2-update.linux64_1.5.0.202011040924/tools/bin/../lib/gcc/arm-none-eabi/9.3.1/../../../../arm-none-eabi/lib/thumb/v7-m/nofp/libc_nano.a(lib_a-assert.o)
                0x0000000008008a48                __assert_func
 .text.quorem   0x0000000008008a84      0x11a /opt/st/stm32cubeide_1.6.1/plugins/com.st.stm32cube.ide.mcu.externaltools.gnu-tools-for-stm32.9-2020-q2-update.linux64_1.5.0.202011040924/tools/bin/../lib/gcc/arm-none-eabi/9.3.1/../../../../arm-none-eabi/lib/thumb/v7-m/nofp/libc_nano.a(lib_a-dtoa.o)
 *fill*         0x0000000008008b9e        0x2 
 .text._dtoa_r  0x0000000008008ba0      0xbdc /opt/st/stm32cubeide_1.6.1/plugins/com.st.stm32cube.ide.mcu.externaltools.gnu-tools-for-stm32.9-2020-q2-update.linux64_1.5.0.202011040924/tools/bin/../lib/gcc/arm-none-eabi/9.3.1/../../../../arm-none-eabi/lib/thumb/v7-m/nofp/libc_nano.a(lib_a-dtoa.o)
                0x0000000008008ba0                _dtoa_r
 .text.fprintf  0x000000000800977c       0x24 /opt/st/stm32cubeide_1.6.1/plugins/com.st.stm32cube.ide.mcu.externaltools.gnu-tools-for-stm32.9-2020-q2-update.linux64_1.5.0.202011040924/tools/bin/../lib/gcc/arm-none-eabi/9.3.1/../../../../arm-none-eabi/lib/thumb/v7-m/nofp/libc_nano.a(lib_a-fprintf.o)
                0x000000000800977c                fprintf
                0x000000000800977c                fiprintf
 .text._localeconv_r
                0x00000000080097a0        0x8 /opt/st/stm32cubeide_1.6.1/plugins/com.st.stm32cube.ide.mcu.externaltools.gnu-tools-for-stm32.9-2020-q2-update.linux64_1.5.0.202011040924/tools/bin/../lib/gcc/arm-none-eabi/9.3.1/../../../../arm-none-eabi/lib/thumb/v7-m/nofp/libc_nano.a(lib_a-localeconv.o)
                0x00000000080097a0                _localeconv_r
 .text.memchr   0x00000000080097a8       0x1c /opt/st/stm32cubeide_1.6.1/plugins/com.st.stm32cube.ide.mcu.externaltools.gnu-tools-for-stm32.9-2020-q2-update.linux64_1.5.0.202011040924/tools/bin/../lib/gcc/arm-none-eabi/9.3.1/../../../../arm-none-eabi/lib/thumb/v7-m/nofp/libc_nano.a(lib_a-memchr-stub.o)
                0x00000000080097a8                memchr
 .text.__malloc_lock
                0x00000000080097c4        0xc /opt/st/stm32cubeide_1.6.1/plugins/com.st.stm32cube.ide.mcu.externaltools.gnu-tools-for-stm32.9-2020-q2-update.linux64_1.5.0.202011040924/tools/bin/../lib/gcc/arm-none-eabi/9.3.1/../../../../arm-none-eabi/lib/thumb/v7-m/nofp/libc_nano.a(lib_a-mlock.o)
                0x00000000080097c4                __malloc_lock
 .text.__malloc_unlock
                0x00000000080097d0        0xc /opt/st/stm32cubeide_1.6.1/plugins/com.st.stm32cube.ide.mcu.externaltools.gnu-tools-for-stm32.9-2020-q2-update.linux64_1.5.0.202011040924/tools/bin/../lib/gcc/arm-none-eabi/9.3.1/../../../../arm-none-eabi/lib/thumb/v7-m/nofp/libc_nano.a(lib_a-mlock.o)
                0x00000000080097d0                __malloc_unlock
 .text._Balloc  0x00000000080097dc       0x80 /opt/st/stm32cubeide_1.6.1/plugins/com.st.stm32cube.ide.mcu.externaltools.gnu-tools-for-stm32.9-2020-q2-update.linux64_1.5.0.202011040924/tools/bin/../lib/gcc/arm-none-eabi/9.3.1/../../../../arm-none-eabi/lib/thumb/v7-m/nofp/libc_nano.a(lib_a-mprec.o)
                0x00000000080097dc                _Balloc
 .text._Bfree   0x000000000800985c       0x44 /opt/st/stm32cubeide_1.6.1/plugins/com.st.stm32cube.ide.mcu.externaltools.gnu-tools-for-stm32.9-2020-q2-update.linux64_1.5.0.202011040924/tools/bin/../lib/gcc/arm-none-eabi/9.3.1/../../../../arm-none-eabi/lib/thumb/v7-m/nofp/libc_nano.a(lib_a-mprec.o)
                0x000000000800985c                _Bfree
 .text.__multadd
                0x00000000080098a0       0x94 /opt/st/stm32cubeide_1.6.1/plugins/com.st.stm32cube.ide.mcu.externaltools.gnu-tools-for-stm32.9-2020-q2-update.linux64_1.5.0.202011040924/tools/bin/../lib/gcc/arm-none-eabi/9.3.1/../../../../arm-none-eabi/lib/thumb/v7-m/nofp/libc_nano.a(lib_a-mprec.o)
                0x00000000080098a0                __multadd
 .text.__hi0bits
                0x0000000008009934       0x40 /opt/st/stm32cubeide_1.6.1/plugins/com.st.stm32cube.ide.mcu.externaltools.gnu-tools-for-stm32.9-2020-q2-update.linux64_1.5.0.202011040924/tools/bin/../lib/gcc/arm-none-eabi/9.3.1/../../../../arm-none-eabi/lib/thumb/v7-m/nofp/libc_nano.a(lib_a-mprec.o)
                0x0000000008009934                __hi0bits
 .text.__lo0bits
                0x0000000008009974       0x5c /opt/st/stm32cubeide_1.6.1/plugins/com.st.stm32cube.ide.mcu.externaltools.gnu-tools-for-stm32.9-2020-q2-update.linux64_1.5.0.202011040924/tools/bin/../lib/gcc/arm-none-eabi/9.3.1/../../../../arm-none-eabi/lib/thumb/v7-m/nofp/libc_nano.a(lib_a-mprec.o)
                0x0000000008009974                __lo0bits
 .text.__i2b    0x00000000080099d0       0x2c /opt/st/stm32cubeide_1.6.1/plugins/com.st.stm32cube.ide.mcu.externaltools.gnu-tools-for-stm32.9-2020-q2-update.linux64_1.5.0.202011040924/tools/bin/../lib/gcc/arm-none-eabi/9.3.1/../../../../arm-none-eabi/lib/thumb/v7-m/nofp/libc_nano.a(lib_a-mprec.o)
                0x00000000080099d0                __i2b
 .text.__multiply
                0x00000000080099fc      0x148 /opt/st/stm32cubeide_1.6.1/plugins/com.st.stm32cube.ide.mcu.externaltools.gnu-tools-for-stm32.9-2020-q2-update.linux64_1.5.0.202011040924/tools/bin/../lib/gcc/arm-none-eabi/9.3.1/../../../../arm-none-eabi/lib/thumb/v7-m/nofp/libc_nano.a(lib_a-mprec.o)
                0x00000000080099fc                __multiply
 .text.__pow5mult
                0x0000000008009b44       0xb4 /opt/st/stm32cubeide_1.6.1/plugins/com.st.stm32cube.ide.mcu.externaltools.gnu-tools-for-stm32.9-2020-q2-update.linux64_1.5.0.202011040924/tools/bin/../lib/gcc/arm-none-eabi/9.3.1/../../../../arm-none-eabi/lib/thumb/v7-m/nofp/libc_nano.a(lib_a-mprec.o)
                0x0000000008009b44                __pow5mult
 .text.__lshift
                0x0000000008009bf8       0xd8 /opt/st/stm32cubeide_1.6.1/plugins/com.st.stm32cube.ide.mcu.externaltools.gnu-tools-for-stm32.9-2020-q2-update.linux64_1.5.0.202011040924/tools/bin/../lib/gcc/arm-none-eabi/9.3.1/../../../../arm-none-eabi/lib/thumb/v7-m/nofp/libc_nano.a(lib_a-mprec.o)
                0x0000000008009bf8                __lshift
 .text.__mcmp   0x0000000008009cd0       0x36 /opt/st/stm32cubeide_1.6.1/plugins/com.st.stm32cube.ide.mcu.externaltools.gnu-tools-for-stm32.9-2020-q2-update.linux64_1.5.0.202011040924/tools/bin/../lib/gcc/arm-none-eabi/9.3.1/../../../../arm-none-eabi/lib/thumb/v7-m/nofp/libc_nano.a(lib_a-mprec.o)
                0x0000000008009cd0                __mcmp
 *fill*         0x0000000008009d06        0x2 
 .text.__mdiff  0x0000000008009d08      0x120 /opt/st/stm32cubeide_1.6.1/plugins/com.st.stm32cube.ide.mcu.externaltools.gnu-tools-for-stm32.9-2020-q2-update.linux64_1.5.0.202011040924/tools/bin/../lib/gcc/arm-none-eabi/9.3.1/../../../../arm-none-eabi/lib/thumb/v7-m/nofp/libc_nano.a(lib_a-mprec.o)
                0x0000000008009d08                __mdiff
 .text.__d2b    0x0000000008009e28       0xb8 /opt/st/stm32cubeide_1.6.1/plugins/com.st.stm32cube.ide.mcu.externaltools.gnu-tools-for-stm32.9-2020-q2-update.linux64_1.5.0.202011040924/tools/bin/../lib/gcc/arm-none-eabi/9.3.1/../../../../arm-none-eabi/lib/thumb/v7-m/nofp/libc_nano.a(lib_a-mprec.o)
                0x0000000008009e28                __d2b
 .text._calloc_r
                0x0000000008009ee0       0x1c /opt/st/stm32cubeide_1.6.1/plugins/com.st.stm32cube.ide.mcu.externaltools.gnu-tools-for-stm32.9-2020-q2-update.linux64_1.5.0.202011040924/tools/bin/../lib/gcc/arm-none-eabi/9.3.1/../../../../arm-none-eabi/lib/thumb/v7-m/nofp/libc_nano.a(lib_a-nano-callocr.o)
                0x0000000008009ee0                _calloc_r
 .text.__ssputs_r
                0x0000000008009efc       0xb6 /opt/st/stm32cubeide_1.6.1/plugins/com.st.stm32cube.ide.mcu.externaltools.gnu-tools-for-stm32.9-2020-q2-update.linux64_1.5.0.202011040924/tools/bin/../lib/gcc/arm-none-eabi/9.3.1/../../../../arm-none-eabi/lib/thumb/v7-m/nofp/libc_nano.a(lib_a-nano-svfprintf.o)
                0x0000000008009efc                __ssputs_r
 *fill*         0x0000000008009fb2        0x2 
 .text._svfprintf_r
                0x0000000008009fb4      0x200 /opt/st/stm32cubeide_1.6.1/plugins/com.st.stm32cube.ide.mcu.externaltools.gnu-tools-for-stm32.9-2020-q2-update.linux64_1.5.0.202011040924/tools/bin/../lib/gcc/arm-none-eabi/9.3.1/../../../../arm-none-eabi/lib/thumb/v7-m/nofp/libc_nano.a(lib_a-nano-svfprintf.o)
                0x0000000008009fb4                _svfprintf_r
                0x0000000008009fb4                _svfiprintf_r
 .text.__sfputc_r
                0x000000000800a1b4       0x2a /opt/st/stm32cubeide_1.6.1/plugins/com.st.stm32cube.ide.mcu.externaltools.gnu-tools-for-stm32.9-2020-q2-update.linux64_1.5.0.202011040924/tools/bin/../lib/gcc/arm-none-eabi/9.3.1/../../../../arm-none-eabi/lib/thumb/v7-m/nofp/libc_nano.a(lib_a-nano-vfprintf.o)
 .text.__sfputs_r
                0x000000000800a1de       0x24 /opt/st/stm32cubeide_1.6.1/plugins/com.st.stm32cube.ide.mcu.externaltools.gnu-tools-for-stm32.9-2020-q2-update.linux64_1.5.0.202011040924/tools/bin/../lib/gcc/arm-none-eabi/9.3.1/../../../../arm-none-eabi/lib/thumb/v7-m/nofp/libc_nano.a(lib_a-nano-vfprintf.o)
                0x000000000800a1de                __sfputs_r
 *fill*         0x000000000800a202        0x2 
 .text._vfprintf_r
                0x000000000800a204      0x260 /opt/st/stm32cubeide_1.6.1/plugins/com.st.stm32cube.ide.mcu.externaltools.gnu-tools-for-stm32.9-2020-q2-update.linux64_1.5.0.202011040924/tools/bin/../lib/gcc/arm-none-eabi/9.3.1/../../../../arm-none-eabi/lib/thumb/v7-m/nofp/libc_nano.a(lib_a-nano-vfprintf.o)
                0x000000000800a204                _vfiprintf_r
                0x000000000800a204                _vfprintf_r
 .text.__swbuf_r
                0x000000000800a464       0xa4 /opt/st/stm32cubeide_1.6.1/plugins/com.st.stm32cube.ide.mcu.externaltools.gnu-tools-for-stm32.9-2020-q2-update.linux64_1.5.0.202011040924/tools/bin/../lib/gcc/arm-none-eabi/9.3.1/../../../../arm-none-eabi/lib/thumb/v7-m/nofp/libc_nano.a(lib_a-wbuf.o)
                0x000000000800a464                __swbuf_r
 .text.__swsetup_r
                0x000000000800a508       0xdc /opt/st/stm32cubeide_1.6.1/plugins/com.st.stm32cube.ide.mcu.externaltools.gnu-tools-for-stm32.9-2020-q2-update.linux64_1.5.0.202011040924/tools/bin/../lib/gcc/arm-none-eabi/9.3.1/../../../../arm-none-eabi/lib/thumb/v7-m/nofp/libc_nano.a(lib_a-wsetup.o)
                0x000000000800a508                __swsetup_r
 .text.abort    0x000000000800a5e4        0xe /opt/st/stm32cubeide_1.6.1/plugins/com.st.stm32cube.ide.mcu.externaltools.gnu-tools-for-stm32.9-2020-q2-update.linux64_1.5.0.202011040924/tools/bin/../lib/gcc/arm-none-eabi/9.3.1/../../../../arm-none-eabi/lib/thumb/v7-m/nofp/libc_nano.a(lib_a-abort.o)
                0x000000000800a5e4                abort
 *fill*         0x000000000800a5f2        0x2 
 .text.__sflush_r
                0x000000000800a5f4      0x10c /opt/st/stm32cubeide_1.6.1/plugins/com.st.stm32cube.ide.mcu.externaltools.gnu-tools-for-stm32.9-2020-q2-update.linux64_1.5.0.202011040924/tools/bin/../lib/gcc/arm-none-eabi/9.3.1/../../../../arm-none-eabi/lib/thumb/v7-m/nofp/libc_nano.a(lib_a-fflush.o)
                0x000000000800a5f4                __sflush_r
 .text._fflush_r
                0x000000000800a700       0x78 /opt/st/stm32cubeide_1.6.1/plugins/com.st.stm32cube.ide.mcu.externaltools.gnu-tools-for-stm32.9-2020-q2-update.linux64_1.5.0.202011040924/tools/bin/../lib/gcc/arm-none-eabi/9.3.1/../../../../arm-none-eabi/lib/thumb/v7-m/nofp/libc_nano.a(lib_a-fflush.o)
                0x000000000800a700                _fflush_r
 .text.std      0x000000000800a778       0x48 /opt/st/stm32cubeide_1.6.1/plugins/com.st.stm32cube.ide.mcu.externaltools.gnu-tools-for-stm32.9-2020-q2-update.linux64_1.5.0.202011040924/tools/bin/../lib/gcc/arm-none-eabi/9.3.1/../../../../arm-none-eabi/lib/thumb/v7-m/nofp/libc_nano.a(lib_a-findfp.o)
 .text._cleanup_r
                0x000000000800a7c0        0xc /opt/st/stm32cubeide_1.6.1/plugins/com.st.stm32cube.ide.mcu.externaltools.gnu-tools-for-stm32.9-2020-q2-update.linux64_1.5.0.202011040924/tools/bin/../lib/gcc/arm-none-eabi/9.3.1/../../../../arm-none-eabi/lib/thumb/v7-m/nofp/libc_nano.a(lib_a-findfp.o)
                0x000000000800a7c0                _cleanup_r
 .text.__sfmoreglue
                0x000000000800a7cc       0x2c /opt/st/stm32cubeide_1.6.1/plugins/com.st.stm32cube.ide.mcu.externaltools.gnu-tools-for-stm32.9-2020-q2-update.linux64_1.5.0.202011040924/tools/bin/../lib/gcc/arm-none-eabi/9.3.1/../../../../arm-none-eabi/lib/thumb/v7-m/nofp/libc_nano.a(lib_a-findfp.o)
                0x000000000800a7cc                __sfmoreglue
 .text.__sfp_lock_acquire
                0x000000000800a7f8        0xc /opt/st/stm32cubeide_1.6.1/plugins/com.st.stm32cube.ide.mcu.externaltools.gnu-tools-for-stm32.9-2020-q2-update.linux64_1.5.0.202011040924/tools/bin/../lib/gcc/arm-none-eabi/9.3.1/../../../../arm-none-eabi/lib/thumb/v7-m/nofp/libc_nano.a(lib_a-findfp.o)
                0x000000000800a7f8                __sfp_lock_acquire
 .text.__sfp_lock_release
                0x000000000800a804        0xc /opt/st/stm32cubeide_1.6.1/plugins/com.st.stm32cube.ide.mcu.externaltools.gnu-tools-for-stm32.9-2020-q2-update.linux64_1.5.0.202011040924/tools/bin/../lib/gcc/arm-none-eabi/9.3.1/../../../../arm-none-eabi/lib/thumb/v7-m/nofp/libc_nano.a(lib_a-findfp.o)
                0x000000000800a804                __sfp_lock_release
 .text.__sinit_lock_acquire
                0x000000000800a810        0xc /opt/st/stm32cubeide_1.6.1/plugins/com.st.stm32cube.ide.mcu.externaltools.gnu-tools-for-stm32.9-2020-q2-update.linux64_1.5.0.202011040924/tools/bin/../lib/gcc/arm-none-eabi/9.3.1/../../../../arm-none-eabi/lib/thumb/v7-m/nofp/libc_nano.a(lib_a-findfp.o)
                0x000000000800a810                __sinit_lock_acquire
 .text.__sinit_lock_release
                0x000000000800a81c        0xc /opt/st/stm32cubeide_1.6.1/plugins/com.st.stm32cube.ide.mcu.externaltools.gnu-tools-for-stm32.9-2020-q2-update.linux64_1.5.0.202011040924/tools/bin/../lib/gcc/arm-none-eabi/9.3.1/../../../../arm-none-eabi/lib/thumb/v7-m/nofp/libc_nano.a(lib_a-findfp.o)
                0x000000000800a81c                __sinit_lock_release
 .text.__sinit  0x000000000800a828       0x70 /opt/st/stm32cubeide_1.6.1/plugins/com.st.stm32cube.ide.mcu.externaltools.gnu-tools-for-stm32.9-2020-q2-update.linux64_1.5.0.202011040924/tools/bin/../lib/gcc/arm-none-eabi/9.3.1/../../../../arm-none-eabi/lib/thumb/v7-m/nofp/libc_nano.a(lib_a-findfp.o)
                0x000000000800a828                __sinit
 .text.__sfp    0x000000000800a898       0x8c /opt/st/stm32cubeide_1.6.1/plugins/com.st.stm32cube.ide.mcu.externaltools.gnu-tools-for-stm32.9-2020-q2-update.linux64_1.5.0.202011040924/tools/bin/../lib/gcc/arm-none-eabi/9.3.1/../../../../arm-none-eabi/lib/thumb/v7-m/nofp/libc_nano.a(lib_a-findfp.o)
                0x000000000800a898                __sfp
 .text._fwalk_reent
                0x000000000800a924       0x3e /opt/st/stm32cubeide_1.6.1/plugins/com.st.stm32cube.ide.mcu.externaltools.gnu-tools-for-stm32.9-2020-q2-update.linux64_1.5.0.202011040924/tools/bin/../lib/gcc/arm-none-eabi/9.3.1/../../../../arm-none-eabi/lib/thumb/v7-m/nofp/libc_nano.a(lib_a-fwalk.o)
                0x000000000800a924                _fwalk_reent
 .text.__retarget_lock_init_recursive
                0x000000000800a962        0x2 /opt/st/stm32cubeide_1.6.1/plugins/com.st.stm32cube.ide.mcu.externaltools.gnu-tools-for-stm32.9-2020-q2-update.linux64_1.5.0.202011040924/tools/bin/../lib/gcc/arm-none-eabi/9.3.1/../../../../arm-none-eabi/lib/thumb/v7-m/nofp/libc_nano.a(lib_a-lock.o)
                0x000000000800a962                __retarget_lock_init_recursive
 .text.__retarget_lock_acquire_recursive
                0x000000000800a964        0x2 /opt/st/stm32cubeide_1.6.1/plugins/com.st.stm32cube.ide.mcu.externaltools.gnu-tools-for-stm32.9-2020-q2-update.linux64_1.5.0.202011040924/tools/bin/../lib/gcc/arm-none-eabi/9.3.1/../../../../arm-none-eabi/lib/thumb/v7-m/nofp/libc_nano.a(lib_a-lock.o)
                0x000000000800a964                __retarget_lock_acquire_recursive
 .text.__retarget_lock_release_recursive
                0x000000000800a966        0x2 /opt/st/stm32cubeide_1.6.1/plugins/com.st.stm32cube.ide.mcu.externaltools.gnu-tools-for-stm32.9-2020-q2-update.linux64_1.5.0.202011040924/tools/bin/../lib/gcc/arm-none-eabi/9.3.1/../../../../arm-none-eabi/lib/thumb/v7-m/nofp/libc_nano.a(lib_a-lock.o)
                0x000000000800a966                __retarget_lock_release_recursive
 .text.__swhatbuf_r
                0x000000000800a968       0x48 /opt/st/stm32cubeide_1.6.1/plugins/com.st.stm32cube.ide.mcu.externaltools.gnu-tools-for-stm32.9-2020-q2-update.linux64_1.5.0.202011040924/tools/bin/../lib/gcc/arm-none-eabi/9.3.1/../../../../arm-none-eabi/lib/thumb/v7-m/nofp/libc_nano.a(lib_a-makebuf.o)
                0x000000000800a968                __swhatbuf_r
 .text.__smakebuf_r
                0x000000000800a9b0       0x80 /opt/st/stm32cubeide_1.6.1/plugins/com.st.stm32cube.ide.mcu.externaltools.gnu-tools-for-stm32.9-2020-q2-update.linux64_1.5.0.202011040924/tools/bin/../lib/gcc/arm-none-eabi/9.3.1/../../../../arm-none-eabi/lib/thumb/v7-m/nofp/libc_nano.a(lib_a-makebuf.o)
                0x000000000800a9b0                __smakebuf_r
 .text.__ascii_mbtowc
                0x000000000800aa30       0x24 /opt/st/stm32cubeide_1.6.1/plugins/com.st.stm32cube.ide.mcu.externaltools.gnu-tools-for-stm32.9-2020-q2-update.linux64_1.5.0.202011040924/tools/bin/../lib/gcc/arm-none-eabi/9.3.1/../../../../arm-none-eabi/lib/thumb/v7-m/nofp/libc_nano.a(lib_a-mbtowc_r.o)
                0x000000000800aa30                __ascii_mbtowc
 .text.memmove  0x000000000800aa54       0x34 /opt/st/stm32cubeide_1.6.1/plugins/com.st.stm32cube.ide.mcu.externaltools.gnu-tools-for-stm32.9-2020-q2-update.linux64_1.5.0.202011040924/tools/bin/../lib/gcc/arm-none-eabi/9.3.1/../../../../arm-none-eabi/lib/thumb/v7-m/nofp/libc_nano.a(lib_a-memmove.o)
                0x000000000800aa54                memmove
 .text._realloc_r
                0x000000000800aa88       0x4c /opt/st/stm32cubeide_1.6.1/plugins/com.st.stm32cube.ide.mcu.externaltools.gnu-tools-for-stm32.9-2020-q2-update.linux64_1.5.0.202011040924/tools/bin/../lib/gcc/arm-none-eabi/9.3.1/../../../../arm-none-eabi/lib/thumb/v7-m/nofp/libc_nano.a(lib_a-nano-reallocr.o)
                0x000000000800aa88                _realloc_r
 .text._raise_r
                0x000000000800aad4       0x50 /opt/st/stm32cubeide_1.6.1/plugins/com.st.stm32cube.ide.mcu.externaltools.gnu-tools-for-stm32.9-2020-q2-update.linux64_1.5.0.202011040924/tools/bin/../lib/gcc/arm-none-eabi/9.3.1/../../../../arm-none-eabi/lib/thumb/v7-m/nofp/libc_nano.a(lib_a-signal.o)
                0x000000000800aad4                _raise_r
 .text.raise    0x000000000800ab24       0x10 /opt/st/stm32cubeide_1.6.1/plugins/com.st.stm32cube.ide.mcu.externaltools.gnu-tools-for-stm32.9-2020-q2-update.linux64_1.5.0.202011040924/tools/bin/../lib/gcc/arm-none-eabi/9.3.1/../../../../arm-none-eabi/lib/thumb/v7-m/nofp/libc_nano.a(lib_a-signal.o)
                0x000000000800ab24                raise
 .text._kill_r  0x000000000800ab34       0x24 /opt/st/stm32cubeide_1.6.1/plugins/com.st.stm32cube.ide.mcu.externaltools.gnu-tools-for-stm32.9-2020-q2-update.linux64_1.5.0.202011040924/tools/bin/../lib/gcc/arm-none-eabi/9.3.1/../../../../arm-none-eabi/lib/thumb/v7-m/nofp/libc_nano.a(lib_a-signalr.o)
                0x000000000800ab34                _kill_r
 .text._getpid_r
                0x000000000800ab58        0x4 /opt/st/stm32cubeide_1.6.1/plugins/com.st.stm32cube.ide.mcu.externaltools.gnu-tools-for-stm32.9-2020-q2-update.linux64_1.5.0.202011040924/tools/bin/../lib/gcc/arm-none-eabi/9.3.1/../../../../arm-none-eabi/lib/thumb/v7-m/nofp/libc_nano.a(lib_a-signalr.o)
                0x000000000800ab58                _getpid_r
 .text.__sread  0x000000000800ab5c       0x22 /opt/st/stm32cubeide_1.6.1/plugins/com.st.stm32cube.ide.mcu.externaltools.gnu-tools-for-stm32.9-2020-q2-update.linux64_1.5.0.202011040924/tools/bin/../lib/gcc/arm-none-eabi/9.3.1/../../../../arm-none-eabi/lib/thumb/v7-m/nofp/libc_nano.a(lib_a-stdio.o)
                0x000000000800ab5c                __sread
 .text.__swrite
                0x000000000800ab7e       0x38 /opt/st/stm32cubeide_1.6.1/plugins/com.st.stm32cube.ide.mcu.externaltools.gnu-tools-for-stm32.9-2020-q2-update.linux64_1.5.0.202011040924/tools/bin/../lib/gcc/arm-none-eabi/9.3.1/../../../../arm-none-eabi/lib/thumb/v7-m/nofp/libc_nano.a(lib_a-stdio.o)
                0x000000000800ab7e                __swrite
 .text.__sseek  0x000000000800abb6       0x24 /opt/st/stm32cubeide_1.6.1/plugins/com.st.stm32cube.ide.mcu.externaltools.gnu-tools-for-stm32.9-2020-q2-update.linux64_1.5.0.202011040924/tools/bin/../lib/gcc/arm-none-eabi/9.3.1/../../../../arm-none-eabi/lib/thumb/v7-m/nofp/libc_nano.a(lib_a-stdio.o)
                0x000000000800abb6                __sseek
 .text.__sclose
                0x000000000800abda        0x8 /opt/st/stm32cubeide_1.6.1/plugins/com.st.stm32cube.ide.mcu.externaltools.gnu-tools-for-stm32.9-2020-q2-update.linux64_1.5.0.202011040924/tools/bin/../lib/gcc/arm-none-eabi/9.3.1/../../../../arm-none-eabi/lib/thumb/v7-m/nofp/libc_nano.a(lib_a-stdio.o)
                0x000000000800abda                __sclose
 .text.__ascii_wctomb
                0x000000000800abe2       0x1a /opt/st/stm32cubeide_1.6.1/plugins/com.st.stm32cube.ide.mcu.externaltools.gnu-tools-for-stm32.9-2020-q2-update.linux64_1.5.0.202011040924/tools/bin/../lib/gcc/arm-none-eabi/9.3.1/../../../../arm-none-eabi/lib/thumb/v7-m/nofp/libc_nano.a(lib_a-wctomb_r.o)
                0x000000000800abe2                __ascii_wctomb
 .text._write_r
                0x000000000800abfc       0x24 /opt/st/stm32cubeide_1.6.1/plugins/com.st.stm32cube.ide.mcu.externaltools.gnu-tools-for-stm32.9-2020-q2-update.linux64_1.5.0.202011040924/tools/bin/../lib/gcc/arm-none-eabi/9.3.1/../../../../arm-none-eabi/lib/thumb/v7-m/nofp/libc_nano.a(lib_a-writer.o)
                0x000000000800abfc                _write_r
 .text._close_r
                0x000000000800ac20       0x20 /opt/st/stm32cubeide_1.6.1/plugins/com.st.stm32cube.ide.mcu.externaltools.gnu-tools-for-stm32.9-2020-q2-update.linux64_1.5.0.202011040924/tools/bin/../lib/gcc/arm-none-eabi/9.3.1/../../../../arm-none-eabi/lib/thumb/v7-m/nofp/libc_nano.a(lib_a-closer.o)
                0x000000000800ac20                _close_r
 .text._fstat_r
                0x000000000800ac40       0x24 /opt/st/stm32cubeide_1.6.1/plugins/com.st.stm32cube.ide.mcu.externaltools.gnu-tools-for-stm32.9-2020-q2-update.linux64_1.5.0.202011040924/tools/bin/../lib/gcc/arm-none-eabi/9.3.1/../../../../arm-none-eabi/lib/thumb/v7-m/nofp/libc_nano.a(lib_a-fstatr.o)
                0x000000000800ac40                _fstat_r
 .text._isatty_r
                0x000000000800ac64       0x20 /opt/st/stm32cubeide_1.6.1/plugins/com.st.stm32cube.ide.mcu.externaltools.gnu-tools-for-stm32.9-2020-q2-update.linux64_1.5.0.202011040924/tools/bin/../lib/gcc/arm-none-eabi/9.3.1/../../../../arm-none-eabi/lib/thumb/v7-m/nofp/libc_nano.a(lib_a-isattyr.o)
                0x000000000800ac64                _isatty_r
 .text._lseek_r
                0x000000000800ac84       0x24 /opt/st/stm32cubeide_1.6.1/plugins/com.st.stm32cube.ide.mcu.externaltools.gnu-tools-for-stm32.9-2020-q2-update.linux64_1.5.0.202011040924/tools/bin/../lib/gcc/arm-none-eabi/9.3.1/../../../../arm-none-eabi/lib/thumb/v7-m/nofp/libc_nano.a(lib_a-lseekr.o)
                0x000000000800ac84                _lseek_r
 .text._malloc_usable_size_r
                0x000000000800aca8       0x10 /opt/st/stm32cubeide_1.6.1/plugins/com.st.stm32cube.ide.mcu.externaltools.gnu-tools-for-stm32.9-2020-q2-update.linux64_1.5.0.202011040924/tools/bin/../lib/gcc/arm-none-eabi/9.3.1/../../../../arm-none-eabi/lib/thumb/v7-m/nofp/libc_nano.a(lib_a-nano-msizer.o)
                0x000000000800aca8                _malloc_usable_size_r
 .text._read_r  0x000000000800acb8       0x24 /opt/st/stm32cubeide_1.6.1/plugins/com.st.stm32cube.ide.mcu.externaltools.gnu-tools-for-stm32.9-2020-q2-update.linux64_1.5.0.202011040924/tools/bin/../lib/gcc/arm-none-eabi/9.3.1/../../../../arm-none-eabi/lib/thumb/v7-m/nofp/libc_nano.a(lib_a-readr.o)
                0x000000000800acb8                _read_r
 .text._close   0x000000000800acdc       0x10 /opt/st/stm32cubeide_1.6.1/plugins/com.st.stm32cube.ide.mcu.externaltools.gnu-tools-for-stm32.9-2020-q2-update.linux64_1.5.0.202011040924/tools/bin/../lib/gcc/arm-none-eabi/9.3.1/../../../../arm-none-eabi/lib/thumb/v7-m/nofp/libnosys.a(close.o)
                0x000000000800acdc                _close
 .text._fstat   0x000000000800acec       0x10 /opt/st/stm32cubeide_1.6.1/plugins/com.st.stm32cube.ide.mcu.externaltools.gnu-tools-for-stm32.9-2020-q2-update.linux64_1.5.0.202011040924/tools/bin/../lib/gcc/arm-none-eabi/9.3.1/../../../../arm-none-eabi/lib/thumb/v7-m/nofp/libnosys.a(fstat.o)
                0x000000000800acec                _fstat
 .text._getpid  0x000000000800acfc       0x10 /opt/st/stm32cubeide_1.6.1/plugins/com.st.stm32cube.ide.mcu.externaltools.gnu-tools-for-stm32.9-2020-q2-update.linux64_1.5.0.202011040924/tools/bin/../lib/gcc/arm-none-eabi/9.3.1/../../../../arm-none-eabi/lib/thumb/v7-m/nofp/libnosys.a(getpid.o)
                0x000000000800acfc                _getpid
 .text._isatty  0x000000000800ad0c       0x10 /opt/st/stm32cubeide_1.6.1/plugins/com.st.stm32cube.ide.mcu.externaltools.gnu-tools-for-stm32.9-2020-q2-update.linux64_1.5.0.202011040924/tools/bin/../lib/gcc/arm-none-eabi/9.3.1/../../../../arm-none-eabi/lib/thumb/v7-m/nofp/libnosys.a(isatty.o)
                0x000000000800ad0c                _isatty
 .text._kill    0x000000000800ad1c       0x10 /opt/st/stm32cubeide_1.6.1/plugins/com.st.stm32cube.ide.mcu.externaltools.gnu-tools-for-stm32.9-2020-q2-update.linux64_1.5.0.202011040924/tools/bin/../lib/gcc/arm-none-eabi/9.3.1/../../../../arm-none-eabi/lib/thumb/v7-m/nofp/libnosys.a(kill.o)
                0x000000000800ad1c                _kill
 .text._lseek   0x000000000800ad2c       0x10 /opt/st/stm32cubeide_1.6.1/plugins/com.st.stm32cube.ide.mcu.externaltools.gnu-tools-for-stm32.9-2020-q2-update.linux64_1.5.0.202011040924/tools/bin/../lib/gcc/arm-none-eabi/9.3.1/../../../../arm-none-eabi/lib/thumb/v7-m/nofp/libnosys.a(lseek.o)
                0x000000000800ad2c                _lseek
 .text._read    0x000000000800ad3c       0x10 /opt/st/stm32cubeide_1.6.1/plugins/com.st.stm32cube.ide.mcu.externaltools.gnu-tools-for-stm32.9-2020-q2-update.linux64_1.5.0.202011040924/tools/bin/../lib/gcc/arm-none-eabi/9.3.1/../../../../arm-none-eabi/lib/thumb/v7-m/nofp/libnosys.a(read.o)
                0x000000000800ad3c                _read
 .text._sbrk    0x000000000800ad4c       0x1c /opt/st/stm32cubeide_1.6.1/plugins/com.st.stm32cube.ide.mcu.externaltools.gnu-tools-for-stm32.9-2020-q2-update.linux64_1.5.0.202011040924/tools/bin/../lib/gcc/arm-none-eabi/9.3.1/../../../../arm-none-eabi/lib/thumb/v7-m/nofp/libnosys.a(sbrk.o)
                0x000000000800ad4c                _sbrk
 .text._write   0x000000000800ad68       0x10 /opt/st/stm32cubeide_1.6.1/plugins/com.st.stm32cube.ide.mcu.externaltools.gnu-tools-for-stm32.9-2020-q2-update.linux64_1.5.0.202011040924/tools/bin/../lib/gcc/arm-none-eabi/9.3.1/../../../../arm-none-eabi/lib/thumb/v7-m/nofp/libnosys.a(write.o)
                0x000000000800ad68                _write
 .text._exit    0x000000000800ad78        0x2 /opt/st/stm32cubeide_1.6.1/plugins/com.st.stm32cube.ide.mcu.externaltools.gnu-tools-for-stm32.9-2020-q2-update.linux64_1.5.0.202011040924/tools/bin/../lib/gcc/arm-none-eabi/9.3.1/../../../../arm-none-eabi/lib/thumb/v7-m/nofp/libnosys.a(_exit.o)
                0x000000000800ad78                _exit
 *(.glue_7)
 .glue_7        0x000000000800ad7a        0x0 linker stubs
 *(.glue_7t)
 .glue_7t       0x000000000800ad7a        0x0 linker stubs
 *(.eh_frame)
 *fill*         0x000000000800ad7a        0x2 
 .eh_frame      0x000000000800ad7c        0x0 /opt/st/stm32cubeide_1.6.1/plugins/com.st.stm32cube.ide.mcu.externaltools.gnu-tools-for-stm32.9-2020-q2-update.linux64_1.5.0.202011040924/tools/bin/../lib/gcc/arm-none-eabi/9.3.1/thumb/v7-m/nofp/crtbegin.o
 *(.init)
 .init          0x000000000800ad7c        0x4 /opt/st/stm32cubeide_1.6.1/plugins/com.st.stm32cube.ide.mcu.externaltools.gnu-tools-for-stm32.9-2020-q2-update.linux64_1.5.0.202011040924/tools/bin/../lib/gcc/arm-none-eabi/9.3.1/thumb/v7-m/nofp/crti.o
                0x000000000800ad7c                _init
 .init          0x000000000800ad80        0x8 /opt/st/stm32cubeide_1.6.1/plugins/com.st.stm32cube.ide.mcu.externaltools.gnu-tools-for-stm32.9-2020-q2-update.linux64_1.5.0.202011040924/tools/bin/../lib/gcc/arm-none-eabi/9.3.1/thumb/v7-m/nofp/crtn.o
 *(.fini)
 .fini          0x000000000800ad88        0x4 /opt/st/stm32cubeide_1.6.1/plugins/com.st.stm32cube.ide.mcu.externaltools.gnu-tools-for-stm32.9-2020-q2-update.linux64_1.5.0.202011040924/tools/bin/../lib/gcc/arm-none-eabi/9.3.1/thumb/v7-m/nofp/crti.o
                0x000000000800ad88                _fini
 .fini          0x000000000800ad8c        0x8 /opt/st/stm32cubeide_1.6.1/plugins/com.st.stm32cube.ide.mcu.externaltools.gnu-tools-for-stm32.9-2020-q2-update.linux64_1.5.0.202011040924/tools/bin/../lib/gcc/arm-none-eabi/9.3.1/thumb/v7-m/nofp/crtn.o
                0x000000000800ad94                . = ALIGN (0x4)
                0x000000000800ad94                _etext = .

.vfp11_veneer   0x000000000800ad94        0x0
 .vfp11_veneer  0x000000000800ad94        0x0 linker stubs

.v4_bx          0x000000000800ad94        0x0
 .v4_bx         0x000000000800ad94        0x0 linker stubs

.iplt           0x000000000800ad94        0x0
 .iplt          0x000000000800ad94        0x0 /opt/st/stm32cubeide_1.6.1/plugins/com.st.stm32cube.ide.mcu.externaltools.gnu-tools-for-stm32.9-2020-q2-update.linux64_1.5.0.202011040924/tools/bin/../lib/gcc/arm-none-eabi/9.3.1/thumb/v7-m/nofp/crtbegin.o

.rodata         0x000000000800ad98     0x20fc
                0x000000000800ad98                . = ALIGN (0x4)
 *(.rodata)
 *(.rodata*)
 .rodata.Font16x26
                0x000000000800ad98     0x134c Core/Src/ST7735_fonts.o
 .rodata.Font7x10
                0x000000000800c0e4      0x76c Core/Src/ST7735_fonts.o
 .rodata.check_DHCP_leasedIP.str1.1
                0x000000000800c850       0x12 Core/Src/dhcp.o
 .rodata.sendToZabbix.str1.1
                0x000000000800c862       0x4c Core/Src/main.o
 .rodata.init_w5500.str1.1
                0x000000000800c8ae        0xf Core/Src/main.o
 .rodata.main.str1.1
                0x000000000800c8bd       0xf4 Core/Src/main.o
 .rodata.init_cmds1
                0x000000000800c9b1       0x3b Core/Src/st7735.o
 .rodata.init_cmds2
                0x000000000800c9ec        0xd Core/Src/st7735.o
 .rodata.init_cmds3
                0x000000000800c9f9       0x2b Core/Src/st7735.o
 .rodata.AHBPrescTable
                0x000000000800ca24       0x10 Core/Src/system_stm32f1xx.o
                0x000000000800ca24                AHBPrescTable
 .rodata.APBPrescTable
                0x000000000800ca34        0x8 Core/Src/system_stm32f1xx.o
                0x000000000800ca34                APBPrescTable
 .rodata.HAL_RCC_GetSysClockFreq.str1.1
                0x000000000800ca3c       0x11 Drivers/STM32F1xx_HAL_Driver/Src/stm32f1xx_hal_rcc.o
 .rodata.HAL_RCCEx_GetPeriphCLKFreq.str1.1
                0x000000000800ca4d       0x11 Drivers/STM32F1xx_HAL_Driver/Src/stm32f1xx_hal_rcc_ex.o
 .rodata.gmtime.str1.1
                0x000000000800ca4d       0x76 /opt/st/stm32cubeide_1.6.1/plugins/com.st.stm32cube.ide.mcu.externaltools.gnu-tools-for-stm32.9-2020-q2-update.linux64_1.5.0.202011040924/tools/bin/../lib/gcc/arm-none-eabi/9.3.1/../../../../arm-none-eabi/lib/thumb/v7-m/nofp/libc_nano.a(lib_a-gmtime.o)
 *fill*         0x000000000800cac3        0x1 
 .rodata._global_impure_ptr
                0x000000000800cac4        0x4 /opt/st/stm32cubeide_1.6.1/plugins/com.st.stm32cube.ide.mcu.externaltools.gnu-tools-for-stm32.9-2020-q2-update.linux64_1.5.0.202011040924/tools/bin/../lib/gcc/arm-none-eabi/9.3.1/../../../../arm-none-eabi/lib/thumb/v7-m/nofp/libc_nano.a(lib_a-impure.o)
                0x000000000800cac4                _global_impure_ptr
 .rodata._printf_float.str1.1
                0x000000000800cac8       0x12 /opt/st/stm32cubeide_1.6.1/plugins/com.st.stm32cube.ide.mcu.externaltools.gnu-tools-for-stm32.9-2020-q2-update.linux64_1.5.0.202011040924/tools/bin/../lib/gcc/arm-none-eabi/9.3.1/../../../../arm-none-eabi/lib/thumb/v7-m/nofp/libc_nano.a(lib_a-nano-vfprintf_float.o)
 .rodata._printf_i.str1.1
                0x000000000800cada       0x22 /opt/st/stm32cubeide_1.6.1/plugins/com.st.stm32cube.ide.mcu.externaltools.gnu-tools-for-stm32.9-2020-q2-update.linux64_1.5.0.202011040924/tools/bin/../lib/gcc/arm-none-eabi/9.3.1/../../../../arm-none-eabi/lib/thumb/v7-m/nofp/libc_nano.a(lib_a-nano-vfprintf_i.o)
 .rodata.__assert_func.str1.1
                0x000000000800cafc       0x3c /opt/st/stm32cubeide_1.6.1/plugins/com.st.stm32cube.ide.mcu.externaltools.gnu-tools-for-stm32.9-2020-q2-update.linux64_1.5.0.202011040924/tools/bin/../lib/gcc/arm-none-eabi/9.3.1/../../../../arm-none-eabi/lib/thumb/v7-m/nofp/libc_nano.a(lib_a-assert.o)
                                         0x3d (size before relaxing)
 .rodata._dtoa_r.str1.1